Archive member included to satisfy reference by file (symbol)

C:/Users/olive/.pico-sdk/toolchain/15_2_Rel1/bin/../lib/gcc/arm-none-eabi/15.2.1/thumb/v6-m/nofp\libgcc.a(_dvmd_tls.o)
                              CMakeFiles/KiMusic.dir/C_/Users/olive/.pico-sdk/sdk/2.3.0/src/rp2_common/pico_divider/divider_hardware.S.obj (__aeabi_idiv0)
C:/Users/olive/.pico-sdk/toolchain/15_2_Rel1/bin/../lib/gcc/arm-none-eabi/15.2.1/../../../../arm-none-eabi/lib/thumb/v6-m/nofp\libg.a(libc_a-calloc.o)
                              CMakeFiles/KiMusic.dir/C_/Users/olive/.pico-sdk/sdk/2.3.0/src/rp2_common/pico_malloc/malloc.c.obj (calloc)
C:/Users/olive/.pico-sdk/toolchain/15_2_Rel1/bin/../lib/gcc/arm-none-eabi/15.2.1/../../../../arm-none-eabi/lib/thumb/v6-m/nofp\libg.a(libc_a-callocr.o)
                              C:/Users/olive/.pico-sdk/toolchain/15_2_Rel1/bin/../lib/gcc/arm-none-eabi/15.2.1/../../../../arm-none-eabi/lib/thumb/v6-m/nofp\libg.a(libc_a-calloc.o) (_calloc_r)
C:/Users/olive/.pico-sdk/toolchain/15_2_Rel1/bin/../lib/gcc/arm-none-eabi/15.2.1/../../../../arm-none-eabi/lib/thumb/v6-m/nofp\libg.a(libc_a-malloc.o)
                              CMakeFiles/KiMusic.dir/C_/Users/olive/.pico-sdk/sdk/2.3.0/src/rp2_common/pico_malloc/malloc.c.obj (malloc)
C:/Users/olive/.pico-sdk/toolchain/15_2_Rel1/bin/../lib/gcc/arm-none-eabi/15.2.1/../../../../arm-none-eabi/lib/thumb/v6-m/nofp\libg.a(libc_a-mallocr.o)
                              C:/Users/olive/.pico-sdk/toolchain/15_2_Rel1/bin/../lib/gcc/arm-none-eabi/15.2.1/../../../../arm-none-eabi/lib/thumb/v6-m/nofp\libg.a(libc_a-callocr.o) (_malloc_r)
C:/Users/olive/.pico-sdk/toolchain/15_2_Rel1/bin/../lib/gcc/arm-none-eabi/15.2.1/../../../../arm-none-eabi/lib/thumb/v6-m/nofp\libg.a(libc_a-mlock.o)
                              C:/Users/olive/.pico-sdk/toolchain/15_2_Rel1/bin/../lib/gcc/arm-none-eabi/15.2.1/../../../../arm-none-eabi/lib/thumb/v6-m/nofp\libg.a(libc_a-mallocr.o) (__malloc_lock)
C:/Users/olive/.pico-sdk/toolchain/15_2_Rel1/bin/../lib/gcc/arm-none-eabi/15.2.1/../../../../arm-none-eabi/lib/thumb/v6-m/nofp\libg.a(libc_a-realloc.o)
                              CMakeFiles/KiMusic.dir/C_/Users/olive/.pico-sdk/sdk/2.3.0/src/rp2_common/pico_malloc/malloc.c.obj (realloc)
C:/Users/olive/.pico-sdk/toolchain/15_2_Rel1/bin/../lib/gcc/arm-none-eabi/15.2.1/../../../../arm-none-eabi/lib/thumb/v6-m/nofp\libg.a(libc_a-reallocr.o)
                              C:/Users/olive/.pico-sdk/toolchain/15_2_Rel1/bin/../lib/gcc/arm-none-eabi/15.2.1/../../../../arm-none-eabi/lib/thumb/v6-m/nofp\libg.a(libc_a-realloc.o) (_realloc_r)
C:/Users/olive/.pico-sdk/toolchain/15_2_Rel1/bin/../lib/gcc/arm-none-eabi/15.2.1/../../../../arm-none-eabi/lib/thumb/v6-m/nofp\libg.a(libc_a-ctype_.o)
                              CMakeFiles/KiMusic.dir/C_/Users/olive/.pico-sdk/sdk/2.3.0/lib/tinyusb/src/tusb.c.obj (_ctype_)
C:/Users/olive/.pico-sdk/toolchain/15_2_Rel1/bin/../lib/gcc/arm-none-eabi/15.2.1/../../../../arm-none-eabi/lib/thumb/v6-m/nofp\libg.a(libc_a-memcmp.o)
                              CMakeFiles/KiMusic.dir/C_/Users/olive/.pico-sdk/sdk/2.3.0/src/rp2_common/pico_atomic/atomic.c.obj (memcmp)
C:/Users/olive/.pico-sdk/toolchain/15_2_Rel1/bin/../lib/gcc/arm-none-eabi/15.2.1/../../../../arm-none-eabi/lib/thumb/v6-m/nofp\libg.a(libc_a-memmove.o)
                              C:/Users/olive/.pico-sdk/toolchain/15_2_Rel1/bin/../lib/gcc/arm-none-eabi/15.2.1/../../../../arm-none-eabi/lib/thumb/v6-m/nofp\libg.a(libc_a-reallocr.o) (memmove)
C:/Users/olive/.pico-sdk/toolchain/15_2_Rel1/bin/../lib/gcc/arm-none-eabi/15.2.1/../../../../arm-none-eabi/lib/thumb/v6-m/nofp\libg.a(libc_a-lcltime_r.o)
                              CMakeFiles/KiMusic.dir/C_/Users/olive/.pico-sdk/sdk/2.3.0/src/common/pico_util/datetime.c.obj (localtime_r)
C:/Users/olive/.pico-sdk/toolchain/15_2_Rel1/bin/../lib/gcc/arm-none-eabi/15.2.1/../../../../arm-none-eabi/lib/thumb/v6-m/nofp\libg.a(libc_a-mktime.o)
                              CMakeFiles/KiMusic.dir/C_/Users/olive/.pico-sdk/sdk/2.3.0/src/common/pico_util/datetime.c.obj (mktime)
C:/Users/olive/.pico-sdk/toolchain/15_2_Rel1/bin/../lib/gcc/arm-none-eabi/15.2.1/../../../../arm-none-eabi/lib/thumb/v6-m/nofp\libg.a(libc_a-month_lengths.o)
                              C:/Users/olive/.pico-sdk/toolchain/15_2_Rel1/bin/../lib/gcc/arm-none-eabi/15.2.1/../../../../arm-none-eabi/lib/thumb/v6-m/nofp\libg.a(libc_a-lcltime_r.o) (__month_lengths)
C:/Users/olive/.pico-sdk/toolchain/15_2_Rel1/bin/../lib/gcc/arm-none-eabi/15.2.1/../../../../arm-none-eabi/lib/thumb/v6-m/nofp\libg.a(libc_a-tzcalc_limits.o)
                              C:/Users/olive/.pico-sdk/toolchain/15_2_Rel1/bin/../lib/gcc/arm-none-eabi/15.2.1/../../../../arm-none-eabi/lib/thumb/v6-m/nofp\libg.a(libc_a-lcltime_r.o) (__tzcalc_limits)
C:/Users/olive/.pico-sdk/toolchain/15_2_Rel1/bin/../lib/gcc/arm-none-eabi/15.2.1/../../../../arm-none-eabi/lib/thumb/v6-m/nofp\libg.a(libc_a-tzlock.o)
[...]
Memory Configuration

Name             Origin             Length             Attributes
FLASH            0x10000000         0x00200000         xr
XIP_RAM          0x15000000         0x00004000         xrw
RAM              0x20000000         0x00040000         xrw
SCRATCH_X        0x20040000         0x00001000         xrw
SCRATCH_Y        0x20041000         0x00001000         xrw
*default*        0x00000000         0xffffffff

Linker script and memory map

                0x20000000                        RAM_ORIGIN_DEFAULT = 0x20000000
                0x00040000                        RAM_LENGTH_DEFAULT = 0x40000
                0x20040000                        SCRATCH_X_ORIGIN_DEFAULT = 0x20040000
                0x00001000                        SCRATCH_X_LENGTH_DEFAULT = 0x1000
                0x20041000                        SCRATCH_Y_ORIGIN_DEFAULT = 0x20041000
                0x00001000                        SCRATCH_Y_LENGTH_DEFAULT = 0x1000
                0x15000000                        XIP_RAM_ORIGIN_DEFAULT = 0x15000000
                0x00004000                        XIP_RAM_LENGTH_DEFAULT = 0x4000
LOAD CMakeFiles/KiMusic.dir/KiMusic.cpp.obj
LOAD CMakeFiles/KiMusic.dir/C_/Users/olive/.pico-sdk/sdk/2.3.0/src/rp2_common/pico_stdlib/stdlib.c.obj
LOAD CMakeFiles/KiMusic.dir/C_/Users/olive/.pico-sdk/sdk/2.3.0/src/rp2_common/hardware_gpio/gpio.c.obj
LOAD CMakeFiles/KiMusic.dir/C_/Users/olive/.pico-sdk/sdk/2.3.0/src/rp2040/pico_platform/platform.c.obj
LOAD CMakeFiles/KiMusic.dir/C_/Users/olive/.pico-sdk/sdk/2.3.0/src/rp2_common/pico_platform_common/common.c.obj
LOAD CMakeFiles/KiMusic.dir/C_/Users/olive/.pico-sdk/sdk/2.3.0/src/rp2_common/pico_platform_panic/panic.c.obj
LOAD CMakeFiles/KiMusic.dir/C_/Users/olive/.pico-sdk/sdk/2.3.0/src/rp2_common/pico_platform_panic/custom_panic_function.S.obj
LOAD CMakeFiles/KiMusic.dir/C_/Users/olive/.pico-sdk/sdk/2.3.0/src/common/hardware_claim/claim.c.obj
LOAD CMakeFiles/KiMusic.dir/C_/Users/olive/.pico-sdk/sdk/2.3.0/src/rp2_common/hardware_sync/sync.c.obj
LOAD CMakeFiles/KiMusic.dir/C_/Users/olive/.pico-sdk/sdk/2.3.0/src/rp2_common/hardware_sync_spin_lock/sync_spin_lock.c.obj
LOAD CMakeFiles/KiMusic.dir/C_/Users/olive/.pico-sdk/sdk/2.3.0/src/rp2_common/hardware_irq/irq.c.obj
LOAD CMakeFiles/KiMusic.dir/C_/Users/olive/.pico-sdk/sdk/2.3.0/src/rp2_common/hardware_irq/irq_handler_chain.S.obj
LOAD CMakeFiles/KiMusic.dir/C_/Users/olive/.pico-sdk/sdk/2.3.0/src/common/pico_sync/sem.c.obj
LOAD CMakeFiles/KiMusic.dir/C_/Users/olive/.pico-sdk/sdk/2.3.0/src/common/pico_sync/lock_core.c.obj
LOAD CMakeFiles/KiMusic.dir/C_/Users/olive/.pico-sdk/sdk/2.3.0/src/common/pico_sync/mutex.c.obj
LOAD CMakeFiles/KiMusic.dir/C_/Users/olive/.pico-sdk/sdk/2.3.0/src/common/pico_sync/critical_section.c.obj
LOAD CMakeFiles/KiMusic.dir/C_/Users/olive/.pico-sdk/sdk/2.3.0/src/common/pico_time/time.c.obj
LOAD CMakeFiles/KiMusic.dir/C_/Users/olive/.pico-sdk/sdk/2.3.0/src/common/pico_time/timeout_helper.c.obj
LOAD CMakeFiles/KiMusic.dir/C_/Users/olive/.pico-sdk/sdk/2.3.0/src/rp2_common/hardware_timer/timer.c.obj
LOAD CMakeFiles/KiMusic.dir/C_/Users/olive/.pico-sdk/sdk/2.3.0/src/common/pico_util/datetime.c.obj
LOAD CMakeFiles/KiMusic.dir/C_/Users/olive/.pico-sdk/sdk/2.3.0/src/common/pico_util/fixed_bitset.c.obj
LOAD CMakeFiles/KiMusic.dir/C_/Users/olive/.pico-sdk/sdk/2.3.0/src/common/pico_util/pheap.c.obj
LOAD CMakeFiles/KiMusic.dir/C_/Users/olive/.pico-sdk/sdk/2.3.0/src/common/pico_util/queue.c.obj
LOAD CMakeFiles/KiMusic.dir/C_/Users/olive/.pico-sdk/sdk/2.3.0/src/rp2_common/hardware_uart/uart.c.obj
LOAD CMakeFiles/KiMusic.dir/C_/Users/olive/.pico-sdk/sdk/2.3.0/src/rp2_common/hardware_clocks/clocks.c.obj
LOAD CMakeFiles/KiMusic.dir/C_/Users/olive/.pico-sdk/sdk/2.3.0/src/rp2_common/hardware_pll/pll.c.obj
LOAD CMakeFiles/KiMusic.dir/C_/Users/olive/.pico-sdk/sdk/2.3.0/src/rp2_common/hardware_vreg/vreg.c.obj
LOAD CMakeFiles/KiMusic.dir/C_/Users/olive/.pico-sdk/sdk/2.3.0/src/rp2_common/hardware_watchdog/watchdog.c.obj
LOAD CMakeFiles/KiMusic.dir/C_/Users/olive/.pico-sdk/sdk/2.3.0/src/rp2_common/hardware_ticks/ticks.c.obj
LOAD CMakeFiles/KiMusic.dir/C_/Users/olive/.pico-sdk/sdk/2.3.0/src/rp2_common/pico_bootrom/bootrom.c.obj
LOAD CMakeFiles/KiMusic.dir/C_/Users/olive/.pico-sdk/sdk/2.3.0/src/rp2_common/pico_bootrom/bootrom_lock.c.obj
LOAD CMakeFiles/KiMusic.dir/C_/Users/olive/.pico-sdk/sdk/2.3.0/src/rp2_common/hardware_boot_lock/boot_lock.c.obj
LOAD CMakeFiles/KiMusic.dir/C_/Users/olive/.pico-sdk/sdk/2.3.0/src/rp2_common/pico_flash/flash.c.obj
LOAD CMakeFiles/KiMusic.dir/C_/Users/olive/.pico-sdk/sdk/2.3.0/src/rp2_common/hardware_xosc/xosc.c.obj
LOAD CMakeFiles/KiMusic.dir/C_/Users/olive/.pico-sdk/sdk/2.3.0/src/rp2_common/hardware_divider/divider.S.obj
LOAD CMakeFiles/KiMusic.dir/C_/Users/olive/.pico-sdk/sdk/2.3.0/src/rp2_common/pico_runtime/runtime.c.obj
LOAD CMakeFiles/KiMusic.dir/C_/Users/olive/.pico-sdk/sdk/2.3.0/src/rp2_common/pico_runtime_init/runtime_init.c.obj
LOAD CMakeFiles/KiMusic.dir/C_/Users/olive/.pico-sdk/sdk/2.3.0/src/rp2_common/pico_runtime_init/runtime_init_clocks.c.obj
LOAD CMakeFiles/KiMusic.dir/C_/Users/olive/.pico-sdk/sdk/2.3.0/src/rp2_common/pico_runtime_init/runtime_init_stack_guard.c.obj
LOAD CMakeFiles/KiMusic.dir/C_/Users/olive/.pico-sdk/sdk/2.3.0/src/rp2_common/hardware_rtc/rtc.c.obj
LOAD CMakeFiles/KiMusic.dir/C_/Users/olive/.pico-sdk/sdk/2.3.0/src/rp2_common/pico_bit_ops/bit_ops_aeabi.S.obj
LOAD CMakeFiles/KiMusic.dir/C_/Users/olive/.pico-sdk/sdk/2.3.0/src/rp2_common/pico_divider/divider_hardware.S.obj
LOAD CMakeFiles/KiMusic.dir/C_/Users/olive/.pico-sdk/sdk/2.3.0/src/rp2_common/pico_double/double_aeabi_rp2040.S.obj
LOAD CMakeFiles/KiMusic.dir/C_/Users/olive/.pico-sdk/sdk/2.3.0/src/rp2_common/pico_double/double_init_rom_rp2040.c.obj
LOAD CMakeFiles/KiMusic.dir/C_/Users/olive/.pico-sdk/sdk/2.3.0/src/rp2_common/pico_double/double_math.c.obj
LOAD CMakeFiles/KiMusic.dir/C_/Users/olive/.pico-sdk/sdk/2.3.0/src/rp2_common/pico_double/double_v1_rom_shim_rp2040.S.obj
LOAD CMakeFiles/KiMusic.dir/C_/Users/olive/.pico-sdk/sdk/2.3.0/src/rp2_common/pico_int64_ops/pico_int64_ops_aeabi.S.obj
LOAD CMakeFiles/KiMusic.dir/C_/Users/olive/.pico-sdk/sdk/2.3.0/src/rp2_common/pico_float/float_aeabi_rp2040.S.obj
LOAD CMakeFiles/KiMusic.dir/C_/Users/olive/.pico-sdk/sdk/2.3.0/src/rp2_common/pico_float/float_init_rom_rp2040.c.obj
LOAD CMakeFiles/KiMusic.dir/C_/Users/olive/.pico-sdk/sdk/2.3.0/src/rp2_common/pico_float/float_math.c.obj
LOAD CMakeFiles/KiMusic.dir/C_/Users/olive/.pico-sdk/sdk/2.3.0/src/rp2_common/pico_float/float_v1_rom_shim_rp2040.S.obj
LOAD CMakeFiles/KiMusic.dir/C_/Users/olive/.pico-sdk/sdk/2.3.0/src/rp2_common/pico_malloc/malloc.c.obj
LOAD CMakeFiles/KiMusic.dir/C_/Users/olive/.pico-sdk/sdk/2.3.0/src/rp2_common/pico_mem_ops/mem_ops_aeabi.S.obj
LOAD CMakeFiles/KiMusic.dir/C_/Users/olive/.pico-sdk/sdk/2.3.0/src/rp2_common/pico_atomic/atomic.c.obj
LOAD CMakeFiles/KiMusic.dir/C_/Users/olive/.pico-sdk/sdk/2.3.0/src/rp2_common/pico_cxx_options/new_delete.cpp.obj
LOAD CMakeFiles/KiMusic.dir/C_/Users/olive/.pico-sdk/sdk/2.3.0/src/rp2_common/pico_standard_binary_info/standard_binary_info.c.obj
LOAD CMakeFiles/KiMusic.dir/C_/Users/olive/.pico-sdk/sdk/2.3.0/src/rp2_common/pico_printf/printf.c.obj
LOAD CMakeFiles/KiMusic.dir/C_/Users/olive/.pico-sdk/sdk/2.3.0/src/rp2_common/pico_crt0/crt0.S.obj
LOAD CMakeFiles/KiMusic.dir/C_/Users/olive/.pico-sdk/sdk/2.3.0/src/rp2_common/pico_clib_interface/newlib_interface.c.obj
LOAD CMakeFiles/KiMusic.dir/C_/Users/olive/.pico-sdk/sdk/2.3.0/src/rp2_common/pico_clib_interface/cxa_guard.c.obj
LOAD CMakeFiles/KiMusic.dir/C_/Users/olive/.pico-sdk/sdk/2.3.0/src/rp2_common/pico_stdio/stdio.c.obj
LOAD CMakeFiles/KiMusic.dir/C_/Users/olive/.pico-sdk/sdk/2.3.0/src/rp2_common/pico_stdio_usb/stdio_usb.c.obj
LOAD CMakeFiles/KiMusic.dir/C_/Users/olive/.pico-sdk/sdk/2.3.0/src/rp2_common/pico_stdio_usb/stdio_usb_descriptors.c.obj
LOAD CMakeFiles/KiMusic.dir/C_/Users/olive/.pico-sdk/sdk/2.3.0/src/rp2_common/pico_unique_id/unique_id.c.obj
LOAD CMakeFiles/KiMusic.dir/C_/Users/olive/.pico-sdk/sdk/2.3.0/src/rp2_common/hardware_flash/flash.c.obj
LOAD CMakeFiles/KiMusic.dir/C_/Users/olive/.pico-sdk/sdk/2.3.0/src/rp2_common/hardware_xip_cache/xip_cache.c.obj
LOAD CMakeFiles/KiMusic.dir/C_/Users/olive/.pico-sdk/sdk/2.3.0/src/rp2_common/pico_usb_reset/usb_reset.c.obj
LOAD CMakeFiles/KiMusic.dir/C_/Users/olive/.pico-sdk/sdk/2.3.0/lib/tinyusb/src/portable/raspberrypi/rp2040/dcd_rp2040.c.obj
LOAD CMakeFiles/KiMusic.dir/C_/Users/olive/.pico-sdk/sdk/2.3.0/lib/tinyusb/src/portable/raspberrypi/rp2040/rp2040_usb.c.obj
LOAD CMakeFiles/KiMusic.dir/C_/Users/olive/.pico-sdk/sdk/2.3.0/lib/tinyusb/src/device/usbd.c.obj
LOAD CMakeFiles/KiMusic.dir/C_/Users/olive/.pico-sdk/sdk/2.3.0/lib/tinyusb/src/device/usbd_control.c.obj
LOAD CMakeFiles/KiMusic.dir/C_/Users/olive/.pico-sdk/sdk/2.3.0/lib/tinyusb/src/class/audio/audio_device.c.obj
LOAD CMakeFiles/KiMusic.dir/C_/Users/olive/.pico-sdk/sdk/2.3.0/lib/tinyusb/src/class/cdc/cdc_device.c.obj
LOAD CMakeFiles/KiMusic.dir/C_/Users/olive/.pico-sdk/sdk/2.3.0/lib/tinyusb/src/class/dfu/dfu_device.c.obj
LOAD CMakeFiles/KiMusic.dir/C_/Users/olive/.pico-sdk/sdk/2.3.0/lib/tinyusb/src/class/dfu/dfu_rt_device.c.obj
LOAD CMakeFiles/KiMusic.dir/C_/Users/olive/.pico-sdk/sdk/2.3.0/lib/tinyusb/src/class/hid/hid_device.c.obj
LOAD CMakeFiles/KiMusic.dir/C_/Users/olive/.pico-sdk/sdk/2.3.0/lib/tinyusb/src/class/midi/midi_device.c.obj
LOAD CMakeFiles/KiMusic.dir/C_/Users/olive/.pico-sdk/sdk/2.3.0/lib/tinyusb/src/class/msc/msc_device.c.obj
LOAD CMakeFiles/KiMusic.dir/C_/Users/olive/.pico-sdk/sdk/2.3.0/lib/tinyusb/src/class/net/ecm_rndis_device.c.obj
LOAD CMakeFiles/KiMusic.dir/C_/Users/olive/.pico-sdk/sdk/2.3.0/lib/tinyusb/src/class/net/ncm_device.c.obj
LOAD CMakeFiles/KiMusic.dir/C_/Users/olive/.pico-sdk/sdk/2.3.0/lib/tinyusb/src/class/usbtmc/usbtmc_device.c.obj
LOAD CMakeFiles/KiMusic.dir/C_/Users/olive/.pico-sdk/sdk/2.3.0/lib/tinyusb/src/class/vendor/vendor_device.c.obj
LOAD CMakeFiles/KiMusic.dir/C_/Users/olive/.pico-sdk/sdk/2.3.0/lib/tinyusb/src/class/video/video_device.c.obj
LOAD CMakeFiles/KiMusic.dir/C_/Users/olive/.pico-sdk/sdk/2.3.0/lib/tinyusb/src/tusb.c.obj
LOAD CMakeFiles/KiMusic.dir/C_/Users/olive/.pico-sdk/sdk/2.3.0/lib/tinyusb/src/common/tusb_fifo.c.obj
LOAD CMakeFiles/KiMusic.dir/C_/Users/olive/.pico-sdk/sdk/2.3.0/src/rp2_common/pico_fix/rp2040_usb_device_enumeration/rp2040_usb_device_enumeration.c.obj
LOAD CMakeFiles/KiMusic.dir/C_/Users/olive/.pico-sdk/sdk/2.3.0/src/rp2_common/pico_thread_local/thread_local.c.obj
LOAD CMakeFiles/KiMusic.dir/C_/Users/olive/.pico-sdk/sdk/2.3.0/src/rp2_common/hardware_spi/spi.c.obj
LOAD CMakeFiles/KiMusic.dir/C_/Users/olive/.pico-sdk/sdk/2.3.0/src/rp2_common/hardware_i2c/i2c.c.obj
LOAD CMakeFiles/KiMusic.dir/C_/Users/olive/.pico-sdk/sdk/2.3.0/src/rp2_common/hardware_dma/dma.c.obj
LOAD CMakeFiles/KiMusic.dir/C_/Users/olive/.pico-sdk/sdk/2.3.0/src/rp2_common/hardware_pio/pio.c.obj
LOAD CMakeFiles/KiMusic.dir/C_/Users/olive/.pico-sdk/sdk/2.3.0/src/rp2_common/hardware_interp/interp.c.obj
LOAD pico-sdk/src/rp2040/boot_stage2/CMakeFiles/bs2_default_library.dir/./bs2_default_padded_checksummed.S.obj
LOAD C:/Users/olive/.pico-sdk/toolchain/15_2_Rel1/bin/../lib/gcc/arm-none-eabi/15.2.1/../../../../arm-none-eabi/lib/thumb/v6-m/nofp\libstdc++.a
LOAD C:/Users/olive/.pico-sdk/toolchain/15_2_Rel1/bin/../lib/gcc/arm-none-eabi/15.2.1/../../../../arm-none-eabi/lib/thumb/v6-m/nofp\libm.a
START GROUP
LOAD C:/Users/olive/.pico-sdk/toolchain/15_2_Rel1/bin/../lib/gcc/arm-none-eabi/15.2.1/thumb/v6-m/nofp\libgcc.a
LOAD C:/Users/olive/.pico-sdk/toolchain/15_2_Rel1/bin/../lib/gcc/arm-none-eabi/15.2.1/../../../../arm-none-eabi/lib/thumb/v6-m/nofp\libg.a
LOAD C:/Users/olive/.pico-sdk/toolchain/15_2_Rel1/bin/../lib/gcc/arm-none-eabi/15.2.1/../../../../arm-none-eabi/lib/thumb/v6-m/nofp\libc.a
END GROUP
                0x20000000                        PROVIDE (RAM_ORIGIN = RAM_ORIGIN_DEFAULT)
                0x00040000                        PROVIDE (RAM_LENGTH = RAM_LENGTH_DEFAULT)
                0x20040000                        PROVIDE (SCRATCH_X_ORIGIN = SCRATCH_X_ORIGIN_DEFAULT)
                0x00001000                        PROVIDE (SCRATCH_X_LENGTH = SCRATCH_X_LENGTH_DEFAULT)
                0x20041000                        PROVIDE (SCRATCH_Y_ORIGIN = SCRATCH_Y_ORIGIN_DEFAULT)
                0x00001000                        PROVIDE (SCRATCH_Y_LENGTH = SCRATCH_Y_LENGTH_DEFAULT)
                0x15000000                        PROVIDE (XIP_RAM_ORIGIN = XIP_RAM_ORIGIN_DEFAULT)
                0x00004000                        PROVIDE (XIP_RAM_LENGTH = XIP_RAM_LENGTH_DEFAULT)
                0x20000000                        RAM_ORIGIN = DEFINED (RAM_ORIGIN)?RAM_ORIGIN:RAM_ORIGIN_DEFAULT
                0x00040000                        RAM_LENGTH = DEFINED (RAM_LENGTH)?RAM_LENGTH:RAM_LENGTH_DEFAULT
                0x20040000                        SCRATCH_X_ORIGIN = DEFINED (SCRATCH_X_ORIGIN)?SCRATCH_X_ORIGIN:SCRATCH_X_ORIGIN_DEFAULT
                0x00001000                        SCRATCH_X_LENGTH = DEFINED (SCRATCH_X_LENGTH)?SCRATCH_X_LENGTH:SCRATCH_X_LENGTH_DEFAULT
                0x20041000                        SCRATCH_Y_ORIGIN = DEFINED (SCRATCH_Y_ORIGIN)?SCRATCH_Y_ORIGIN:SCRATCH_Y_ORIGIN_DEFAULT
                0x00001000                        SCRATCH_Y_LENGTH = DEFINED (SCRATCH_Y_LENGTH)?SCRATCH_Y_LENGTH:SCRATCH_Y_LENGTH_DEFAULT
                0x15000000                        XIP_RAM_ORIGIN = DEFINED (XIP_RAM_ORIGIN)?XIP_RAM_ORIGIN:XIP_RAM_ORIGIN_DEFAULT
                0x00004000                        XIP_RAM_LENGTH = DEFINED (XIP_RAM_LENGTH)?XIP_RAM_LENGTH:XIP_RAM_LENGTH_DEFAULT

.flash_begin    0x10000000        0x0
                0x10000000                        __flash_binary_start = .

.boot2          0x10000000      0x100
                0x10000000                        __boot2_start__ = .
 *(.boot2)
 .boot2         0x10000000      0x100 pico-sdk/src/rp2040/boot_stage2/CMakeFiles/bs2_default_library.dir/./bs2_default_padded_checksummed.S.obj
                0x10000100                        __boot2_end__ = .
                0x00000001                        ASSERT (((__boot2_end__ - __boot2_start__) == 0x100), ERROR: Pico second stage bootloader must be exactly 256 bytes in size for RP2040)

.text           0x10000100     0x6a60
                0x10000100                        __logical_binary_start = .
 *(.vectors)
 .vectors       0x10000100       0xd4 CMakeFiles/KiMusic.dir/C_/Users/olive/.pico-sdk/sdk/2.3.0/src/rp2_common/pico_crt0/crt0.S.obj
                0x10000100                __VECTOR_TABLE
                0x10000100                __vectors
                0x100001c0                isr_irq13
                0x100001c0                isr_irq27
                0x100001c0                isr_irq31
                0x100001c0                isr_irq12
                0x100001c0                isr_irq5
                0x100001c0                isr_irq11
                0x100001c0                isr_irq3
                0x100001c0                isr_irq23
                0x100001c0                __unhandled_user_irq
                0x100001c0                isr_irq26
                0x100001c0                isr_irq28
                0x100001c0                isr_irq19
                0x100001c0                isr_irq0
                0x100001c0                isr_irq6
                0x100001c0                isr_irq29
                0x100001c0                isr_irq16
                0x100001c0                isr_irq22
                0x100001c0                isr_irq18
                0x100001c0                isr_irq17
                0x100001c0                isr_irq14
                0x100001c0                __vectors_end
                0x100001c0                __default_isrs_start
                0x100001c0                isr_irq2
                0x100001c0                isr_irq10
                0x100001c0                isr_irq8
                0x100001c0                isr_irq24
                0x100001c0                isr_irq1
                0x100001c0                isr_irq7
                0x100001c0                isr_irq21
                0x100001c0                isr_irq20
                0x100001c0                isr_irq15
                0x100001c0                isr_irq25
                0x100001c0                isr_irq4
                0x100001c0                isr_irq30
                0x100001c0                isr_irq9
                0x100001c6                unhandled_user_irq_num_in_r0
                0x100001c8                isr_invalid
                0x100001ca                isr_nmi
                0x100001cc                isr_hardfault
                0x100001ce                isr_svcall
                0x100001d0                isr_pendsv
                0x100001d2                isr_systick
                0x100001d4                __default_isrs_end
 *(.binary_info_header)
 .binary_info_header
                0x100001d4       0x14 CMakeFiles/KiMusic.dir/C_/Users/olive/.pico-sdk/sdk/2.3.0/src/rp2_common/pico_crt0/crt0.S.obj
                0x100001e8                        __binary_info_header_end = .
 *(.embedded_block)
                0x100001e8                        __embedded_block_end = .
 *(.reset)
 .reset         0x100001e8       0x98 CMakeFiles/KiMusic.dir/C_/Users/olive/.pico-sdk/sdk/2.3.0/src/rp2_common/pico_crt0/crt0.S.obj
                0x100001e8                _entry_point
 *(.init)
 *libgcc.a:cmse_nonsecure_call.o()
 *(EXCLUDE_FILE(*libm.a: *lib*_a-mem*.o *libc.a: *libgcc.a:) .text*)
 .text._ZL24quadratureA_program_initP8pio_hw_tjjjj
                0x10000280       0x84 CMakeFiles/KiMusic.dir/KiMusic.cpp.obj
 .text._ZN7EncoderC2Ev
                0x10000304       0x48 CMakeFiles/KiMusic.dir/KiMusic.cpp.obj
                0x10000304                Encoder::Encoder()
                0x10000304                Encoder::Encoder()
 .text._ZN7Encoder10readRotateEv
                0x1000034c       0x64 CMakeFiles/KiMusic.dir/KiMusic.cpp.obj
                0x1000034c                Encoder::readRotate()
 .text._ZN6ButtonC2Ej
                0x100003b0       0x2c CMakeFiles/KiMusic.dir/KiMusic.cpp.obj
                0x100003b0                Button::Button(unsigned int)
                0x100003b0                Button::Button(unsigned int)
 .text._ZN6Button10checkClickEv
                0x100003dc       0x52 CMakeFiles/KiMusic.dir/KiMusic.cpp.obj
                0x100003dc                Button::checkClick()
 .text._ZN6PlayerC2Ev
                0x1000042e       0x58 CMakeFiles/KiMusic.dir/KiMusic.cpp.obj
                0x1000042e                Player::Player()
                0x1000042e                Player::Player()
 *fill*         0x10000486        0x2 
 .text._ZN6Player9setVolumeEi
                0x10000488       0x28 CMakeFiles/KiMusic.dir/KiMusic.cpp.obj
                0x10000488                Player::setVolume(int)
 .text._ZN6Player7controlEv
                0x100004b0      0x13c CMakeFiles/KiMusic.dir/KiMusic.cpp.obj
                0x100004b0                Player::control()
 .text.main     0x100005ec       0x1c CMakeFiles/KiMusic.dir/KiMusic.cpp.obj
                0x100005ec                main
 .text.gpio_set_function
                0x10000608       0x34 CMakeFiles/KiMusic.dir/C_/Users/olive/.pico-sdk/sdk/2.3.0/src/rp2_common/hardware_gpio/gpio.c.obj
                0x10000608                gpio_set_function
 .text.gpio_set_pulls
                0x1000063c       0x34 CMakeFiles/KiMusic.dir/C_/Users/olive/.pico-sdk/sdk/2.3.0/src/rp2_common/hardware_gpio/gpio.c.obj
                0x1000063c                gpio_set_pulls
 .text.gpio_init
                0x10000670       0x16 CMakeFiles/KiMusic.dir/C_/Users/olive/.pico-sdk/sdk/2.3.0/src/rp2_common/hardware_gpio/gpio.c.obj
                0x10000670                gpio_init
 *fill*         0x10000686        0x2 
 .text.rp2040_chip_version
                0x10000688       0x54 CMakeFiles/KiMusic.dir/C_/Users/olive/.pico-sdk/sdk/2.3.0/src/rp2040/pico_platform/platform.c.obj
                0x10000688                rp2040_chip_version
 .text.panic    0x100006dc       0x30 CMakeFiles/KiMusic.dir/C_/Users/olive/.pico-sdk/sdk/2.3.0/src/rp2_common/pico_platform_panic/panic.c.obj
                0x100006dc                panic
 .text.hw_claim_lock
                0x1000070c       0x18 CMakeFiles/KiMusic.dir/C_/Users/olive/.pico-sdk/sdk/2.3.0/src/common/hardware_claim/claim.c.obj
                0x1000070c                hw_claim_lock
 .text.hw_claim_unlock
                0x10000724       0x14 CMakeFiles/KiMusic.dir/C_/Users/olive/.pico-sdk/sdk/2.3.0/src/common/hardware_claim/claim.c.obj
                0x10000724                hw_claim_unlock
 .text.hw_claim_or_assert
                0x10000738       0x36 CMakeFiles/KiMusic.dir/C_/Users/olive/.pico-sdk/sdk/2.3.0/src/common/hardware_claim/claim.c.obj
                0x10000738                hw_claim_or_assert
 .text.hw_claim_unused_from_range
                0x1000076e       0x50 CMakeFiles/KiMusic.dir/C_/Users/olive/.pico-sdk/sdk/2.3.0/src/common/hardware_claim/claim.c.obj
                0x1000076e                hw_claim_unused_from_range
 *fill*         0x100007be        0x2 
 .text.next_striped_spin_lock_num
                0x100007c0       0x1c CMakeFiles/KiMusic.dir/C_/Users/olive/.pico-sdk/sdk/2.3.0/src/rp2_common/hardware_sync/sync.c.obj
                0x100007c0                next_striped_spin_lock_num
 .text.spin_lock_claim_unused
                0x100007dc       0x20 CMakeFiles/KiMusic.dir/C_/Users/olive/.pico-sdk/sdk/2.3.0/src/rp2_common/hardware_sync/sync.c.obj
                0x100007dc                spin_lock_claim_unused
 .text.spin_locks_reset
                0x100007fc       0x20 CMakeFiles/KiMusic.dir/C_/Users/olive/.pico-sdk/sdk/2.3.0/src/rp2_common/hardware_sync_spin_lock/sync_spin_lock.c.obj
                0x100007fc                spin_locks_reset
 .text.set_raw_irq_handler_and_unlock
                0x1000081c       0x28 CMakeFiles/KiMusic.dir/C_/Users/olive/.pico-sdk/sdk/2.3.0/src/rp2_common/hardware_irq/irq.c.obj
 .text.nvic_ipr0
                0x10000844        0x8 CMakeFiles/KiMusic.dir/C_/Users/olive/.pico-sdk/sdk/2.3.0/src/rp2_common/hardware_irq/irq.c.obj
 .text.runtime_init_per_core_irq_priorities
                0x1000084c       0x1c CMakeFiles/KiMusic.dir/C_/Users/olive/.pico-sdk/sdk/2.3.0/src/rp2_common/hardware_irq/irq.c.obj
                0x1000084c                runtime_init_per_core_irq_priorities
 .text.resolve_j_16
                0x10000868       0x30 CMakeFiles/KiMusic.dir/C_/Users/olive/.pico-sdk/sdk/2.3.0/src/rp2_common/hardware_irq/irq.c.obj
 .text.make_j_16
                0x10000898       0x48 CMakeFiles/KiMusic.dir/C_/Users/olive/.pico-sdk/sdk/2.3.0/src/rp2_common/hardware_irq/irq.c.obj
 .text.irq_is_enabled
                0x100008e0       0x18 CMakeFiles/KiMusic.dir/C_/Users/olive/.pico-sdk/sdk/2.3.0/src/rp2_common/hardware_irq/irq.c.obj
                0x100008e0                irq_is_enabled
 .text.irq_set_mask_n_enabled
                0x100008f8       0x1c CMakeFiles/KiMusic.dir/C_/Users/olive/.pico-sdk/sdk/2.3.0/src/rp2_common/hardware_irq/irq.c.obj
                0x100008f8                irq_set_mask_n_enabled
 .text.irq_set_enabled
                0x10000914       0x14 CMakeFiles/KiMusic.dir/C_/Users/olive/.pico-sdk/sdk/2.3.0/src/rp2_common/hardware_irq/irq.c.obj
                0x10000914                irq_set_enabled
 .text.irq_set_pending
                0x10000928       0x10 CMakeFiles/KiMusic.dir/C_/Users/olive/.pico-sdk/sdk/2.3.0/src/rp2_common/hardware_irq/irq.c.obj
                0x10000928                irq_set_pending
 .text.irq_get_vtable_handler
                0x10000938       0x10 CMakeFiles/KiMusic.dir/C_/Users/olive/.pico-sdk/sdk/2.3.0/src/rp2_common/hardware_irq/irq.c.obj
                0x10000938                irq_get_vtable_handler
 .text.irq_has_shared_handler
                0x10000948       0x1c CMakeFiles/KiMusic.dir/C_/Users/olive/.pico-sdk/sdk/2.3.0/src/rp2_common/hardware_irq/irq.c.obj
                0x10000948                irq_has_shared_handler
 .text.irq_set_exclusive_handler
                0x10000964       0x58 CMakeFiles/KiMusic.dir/C_/Users/olive/.pico-sdk/sdk/2.3.0/src/rp2_common/hardware_irq/irq.c.obj
                0x10000964                irq_set_exclusive_handler
 .text.irq_add_shared_handler
                0x100009bc      0x218 CMakeFiles/KiMusic.dir/C_/Users/olive/.pico-sdk/sdk/2.3.0/src/rp2_common/hardware_irq/irq.c.obj
                0x100009bc                irq_add_shared_handler
 .text.irq_add_tail_to_free_list
                0x10000bd4       0xf8 CMakeFiles/KiMusic.dir/C_/Users/olive/.pico-sdk/sdk/2.3.0/src/rp2_common/hardware_irq/irq.c.obj
                0x10000bd4                irq_add_tail_to_free_list
 .text.user_irq_claim_unused
                0x10000ccc       0x28 CMakeFiles/KiMusic.dir/C_/Users/olive/.pico-sdk/sdk/2.3.0/src/rp2_common/hardware_irq/irq.c.obj
                0x10000ccc                user_irq_claim_unused
 .text.lock_init
                0x10000cf4       0x10 CMakeFiles/KiMusic.dir/C_/Users/olive/.pico-sdk/sdk/2.3.0/src/common/pico_sync/lock_core.c.obj
                0x10000cf4                lock_init
 .text.mutex_init
                0x10000d04       0x1a CMakeFiles/KiMusic.dir/C_/Users/olive/.pico-sdk/sdk/2.3.0/src/common/pico_sync/mutex.c.obj
                0x10000d04                mutex_init
 .text.recursive_mutex_init
                0x10000d1e       0x1e CMakeFiles/KiMusic.dir/C_/Users/olive/.pico-sdk/sdk/2.3.0/src/common/pico_sync/mutex.c.obj
                0x10000d1e                recursive_mutex_init
 .text.runtime_init_mutex
                0x10000d3c       0x4c CMakeFiles/KiMusic.dir/C_/Users/olive/.pico-sdk/sdk/2.3.0/src/common/pico_sync/mutex.c.obj
                0x10000d3c                runtime_init_mutex
 .text.critical_section_init_with_lock_num
                0x10000d88       0x14 CMakeFiles/KiMusic.dir/C_/Users/olive/.pico-sdk/sdk/2.3.0/src/common/pico_sync/critical_section.c.obj
                0x10000d88                critical_section_init_with_lock_num
 .text.critical_section_init
                0x10000d9c       0x14 CMakeFiles/KiMusic.dir/C_/Users/olive/.pico-sdk/sdk/2.3.0/src/common/pico_sync/critical_section.c.obj
                0x10000d9c                critical_section_init
 .text.ta_set_timeout
                0x10000db0       0x28 CMakeFiles/KiMusic.dir/C_/Users/olive/.pico-sdk/sdk/2.3.0/src/common/pico_time/time.c.obj
 .text.make_alarm_id
                0x10000dd8        0x6 CMakeFiles/KiMusic.dir/C_/Users/olive/.pico-sdk/sdk/2.3.0/src/common/pico_time/time.c.obj
 *fill*         0x10000dde        0x2 
 .text.sleep_until_callback
                0x10000de0       0x30 CMakeFiles/KiMusic.dir/C_/Users/olive/.pico-sdk/sdk/2.3.0/src/common/pico_time/time.c.obj
 .text.alarm_pool_irq_handler
                0x10000e10      0x2f4 CMakeFiles/KiMusic.dir/C_/Users/olive/.pico-sdk/sdk/2.3.0/src/common/pico_time/time.c.obj
 .text.ta_enable_irq_handler
                0x10001104       0x2c CMakeFiles/KiMusic.dir/C_/Users/olive/.pico-sdk/sdk/2.3.0/src/common/pico_time/time.c.obj
 .text.alarm_pool_post_alloc_init
                0x10001130       0x68 CMakeFiles/KiMusic.dir/C_/Users/olive/.pico-sdk/sdk/2.3.0/src/common/pico_time/time.c.obj
 .text.alarm_pool_get_default
                0x10001198       0x2c CMakeFiles/KiMusic.dir/C_/Users/olive/.pico-sdk/sdk/2.3.0/src/common/pico_time/time.c.obj
                0x10001198                alarm_pool_get_default
 .text.alarm_pool_add_alarm_at_force_in_context
                0x100011c4       0xa4 CMakeFiles/KiMusic.dir/C_/Users/olive/.pico-sdk/sdk/2.3.0/src/common/pico_time/time.c.obj
                0x100011c4                alarm_pool_add_alarm_at_force_in_context
 .text.alarm_pool_add_alarm_at
                0x10001268       0x3c CMakeFiles/KiMusic.dir/C_/Users/olive/.pico-sdk/sdk/2.3.0/src/common/pico_time/time.c.obj
                0x10001268                alarm_pool_add_alarm_at
 .text.add_alarm_at
                0x100012a4       0x2e CMakeFiles/KiMusic.dir/C_/Users/olive/.pico-sdk/sdk/2.3.0/src/common/pico_time/time.c.obj
 *fill*         0x100012d2        0x2 
 .text.alarm_pool_cancel_alarm
                0x100012d4       0x7c CMakeFiles/KiMusic.dir/C_/Users/olive/.pico-sdk/sdk/2.3.0/src/common/pico_time/time.c.obj
                0x100012d4                alarm_pool_cancel_alarm
 .text.cancel_alarm
                0x10001350       0x10 CMakeFiles/KiMusic.dir/C_/Users/olive/.pico-sdk/sdk/2.3.0/src/common/pico_time/time.c.obj
 .text.alarm_pool_core_num
                0x10001360        0x4 CMakeFiles/KiMusic.dir/C_/Users/olive/.pico-sdk/sdk/2.3.0/src/common/pico_time/time.c.obj
                0x10001360                alarm_pool_core_num
 .text.sleep_until
                0x10001364       0xb0 CMakeFiles/KiMusic.dir/C_/Users/olive/.pico-sdk/sdk/2.3.0/src/common/pico_time/time.c.obj
                0x10001364                sleep_until
 .text.sleep_us
                0x10001414       0x2c CMakeFiles/KiMusic.dir/C_/Users/olive/.pico-sdk/sdk/2.3.0/src/common/pico_time/time.c.obj
                0x10001414                sleep_us
 .text.sleep_ms
                0x10001440       0x14 CMakeFiles/KiMusic.dir/C_/Users/olive/.pico-sdk/sdk/2.3.0/src/common/pico_time/time.c.obj
                0x10001440                sleep_ms
 .text.best_effort_wfe_or_timeout
                0x10001454      0x140 CMakeFiles/KiMusic.dir/C_/Users/olive/.pico-sdk/sdk/2.3.0/src/common/pico_time/time.c.obj
                0x10001454                best_effort_wfe_or_timeout
 .text.alarm_pool_get_default_timer
                0x10001594        0x8 CMakeFiles/KiMusic.dir/C_/Users/olive/.pico-sdk/sdk/2.3.0/src/common/pico_time/time.c.obj
                0x10001594                alarm_pool_get_default_timer
 .text.runtime_init_default_alarm_pool
                0x1000159c       0x38 CMakeFiles/KiMusic.dir/C_/Users/olive/.pico-sdk/sdk/2.3.0/src/common/pico_time/time.c.obj
                0x1000159c                runtime_init_default_alarm_pool
 .text.timer_hardware_alarm_claim
                0x100015d4       0x14 CMakeFiles/KiMusic.dir/C_/Users/olive/.pico-sdk/sdk/2.3.0/src/rp2_common/hardware_timer/timer.c.obj
                0x100015d4                timer_hardware_alarm_claim
 .text.timer_time_us_64
                0x100015e8       0x10 CMakeFiles/KiMusic.dir/C_/Users/olive/.pico-sdk/sdk/2.3.0/src/rp2_common/hardware_timer/timer.c.obj
                0x100015e8                timer_time_us_64
 .text.timer_busy_wait_until
                0x100015f8       0x1a CMakeFiles/KiMusic.dir/C_/Users/olive/.pico-sdk/sdk/2.3.0/src/rp2_common/hardware_timer/timer.c.obj
                0x100015f8                timer_busy_wait_until
 *fill*         0x10001612        0x2 
 .text.time_us_64
                0x10001614       0x10 CMakeFiles/KiMusic.dir/C_/Users/olive/.pico-sdk/sdk/2.3.0/src/rp2_common/hardware_timer/timer.c.obj
                0x10001614                time_us_64
 .text.busy_wait_until
                0x10001624       0x14 CMakeFiles/KiMusic.dir/C_/Users/olive/.pico-sdk/sdk/2.3.0/src/rp2_common/hardware_timer/timer.c.obj
                0x10001624                busy_wait_until
 .text.clock_configure_internal
                0x10001638       0xc0 CMakeFiles/KiMusic.dir/C_/Users/olive/.pico-sdk/sdk/2.3.0/src/rp2_common/hardware_clocks/clocks.c.obj
 .text.clock_configure_int_divider
                0x100016f8       0x28 CMakeFiles/KiMusic.dir/C_/Users/olive/.pico-sdk/sdk/2.3.0/src/rp2_common/hardware_clocks/clocks.c.obj
                0x100016f8                clock_configure_int_divider
 .text.clock_configure_undivided
                0x10001720       0x12 CMakeFiles/KiMusic.dir/C_/Users/olive/.pico-sdk/sdk/2.3.0/src/rp2_common/hardware_clocks/clocks.c.obj
                0x10001720                clock_configure_undivided
 *fill*         0x10001732        0x2 
 .text.clock_get_hz
                0x10001734        0xc CMakeFiles/KiMusic.dir/C_/Users/olive/.pico-sdk/sdk/2.3.0/src/rp2_common/hardware_clocks/clocks.c.obj
                0x10001734                clock_get_hz
 .text.pll_init
                0x10001740      0x124 CMakeFiles/KiMusic.dir/C_/Users/olive/.pico-sdk/sdk/2.3.0/src/rp2_common/hardware_pll/pll.c.obj
                0x10001740                pll_init
 .text.watchdog_update
                0x10001864       0x14 CMakeFiles/KiMusic.dir/C_/Users/olive/.pico-sdk/sdk/2.3.0/src/rp2_common/hardware_watchdog/watchdog.c.obj
                0x10001864                watchdog_update
 .text._watchdog_enable
                0x10001878       0x78 CMakeFiles/KiMusic.dir/C_/Users/olive/.pico-sdk/sdk/2.3.0/src/rp2_common/hardware_watchdog/watchdog.c.obj
                0x10001878                _watchdog_enable
 .text.watchdog_reboot
                0x100018f0       0x48 CMakeFiles/KiMusic.dir/C_/Users/olive/.pico-sdk/sdk/2.3.0/src/rp2_common/hardware_watchdog/watchdog.c.obj
                0x100018f0                watchdog_reboot
 .text.tick_start
                0x10001938       0x10 CMakeFiles/KiMusic.dir/C_/Users/olive/.pico-sdk/sdk/2.3.0/src/rp2_common/hardware_ticks/ticks.c.obj
                0x10001938                tick_start
 .text.rom_func_lookup
                0x10001948       0x10 CMakeFiles/KiMusic.dir/C_/Users/olive/.pico-sdk/sdk/2.3.0/src/rp2_common/pico_bootrom/bootrom.c.obj
                0x10001948                rom_func_lookup
 .text.rom_data_lookup
                0x10001958       0x10 CMakeFiles/KiMusic.dir/C_/Users/olive/.pico-sdk/sdk/2.3.0/src/rp2_common/pico_bootrom/bootrom.c.obj
                0x10001958                rom_data_lookup
 .text.rom_funcs_lookup
                0x10001968       0x36 CMakeFiles/KiMusic.dir/C_/Users/olive/.pico-sdk/sdk/2.3.0/src/rp2_common/pico_bootrom/bootrom.c.obj
                0x10001968                rom_funcs_lookup
 *fill*         0x1000199e        0x2 
 .text.rom_reset_usb_boot_extra
                0x100019a0       0x24 CMakeFiles/KiMusic.dir/C_/Users/olive/.pico-sdk/sdk/2.3.0/src/rp2_common/pico_bootrom/bootrom.c.obj
                0x100019a0                rom_reset_usb_boot_extra
 .text.xosc_init
                0x100019c4       0x2c CMakeFiles/KiMusic.dir/C_/Users/olive/.pico-sdk/sdk/2.3.0/src/rp2_common/hardware_xosc/xosc.c.obj
                0x100019c4                xosc_init
 .text.runtime_run_initializers_from
                0x100019f0       0x18 CMakeFiles/KiMusic.dir/C_/Users/olive/.pico-sdk/sdk/2.3.0/src/rp2_common/pico_runtime/runtime.c.obj
 .text.first_per_core_initializer
                0x10001a08        0x2 CMakeFiles/KiMusic.dir/C_/Users/olive/.pico-sdk/sdk/2.3.0/src/rp2_common/pico_runtime/runtime.c.obj
 *fill*         0x10001a0a        0x2 
 .text.runtime_run_initializers
                0x10001a0c       0x10 CMakeFiles/KiMusic.dir/C_/Users/olive/.pico-sdk/sdk/2.3.0/src/rp2_common/pico_runtime/runtime.c.obj
                0x10001a0c                runtime_run_initializers
 .text.runtime_init_early_resets
                0x10001a1c       0x2c CMakeFiles/KiMusic.dir/C_/Users/olive/.pico-sdk/sdk/2.3.0/src/rp2_common/pico_runtime_init/runtime_init.c.obj
                0x10001a1c                runtime_init_early_resets
 .text.runtime_init_usb_power_down
                0x10001a48       0x1c CMakeFiles/KiMusic.dir/C_/Users/olive/.pico-sdk/sdk/2.3.0/src/rp2_common/pico_runtime_init/runtime_init.c.obj
                0x10001a48                runtime_init_usb_power_down
 .text.runtime_init_post_clock_resets
                0x10001a64       0x20 CMakeFiles/KiMusic.dir/C_/Users/olive/.pico-sdk/sdk/2.3.0/src/rp2_common/pico_runtime_init/runtime_init.c.obj
                0x10001a64                runtime_init_post_clock_resets
 .text.runtime_init_rp2040_gpio_ie_disable
                0x10001a84       0x14 CMakeFiles/KiMusic.dir/C_/Users/olive/.pico-sdk/sdk/2.3.0/src/rp2_common/pico_runtime_init/runtime_init.c.obj
                0x10001a84                runtime_init_rp2040_gpio_ie_disable
 .text.runtime_init_spin_locks_reset
                0x10001a98        0x8 CMakeFiles/KiMusic.dir/C_/Users/olive/.pico-sdk/sdk/2.3.0/src/rp2_common/pico_runtime_init/runtime_init.c.obj
                0x10001a98                runtime_init_spin_locks_reset
 .text.runtime_init_install_ram_vector_table
                0x10001aa0       0x48 CMakeFiles/KiMusic.dir/C_/Users/olive/.pico-sdk/sdk/2.3.0/src/rp2_common/pico_runtime_init/runtime_init.c.obj
                0x10001aa0                runtime_init_install_ram_vector_table
 .text.start_all_ticks
                0x10001ae8       0x28 CMakeFiles/KiMusic.dir/C_/Users/olive/.pico-sdk/sdk/2.3.0/src/rp2_common/pico_runtime_init/runtime_init_clocks.c.obj
 .text.runtime_init_clocks
                0x10001b10       0xcc CMakeFiles/KiMusic.dir/C_/Users/olive/.pico-sdk/sdk/2.3.0/src/rp2_common/pico_runtime_init/runtime_init_clocks.c.obj
                0x10001b10                runtime_init_clocks
 .text          0x10001bdc       0x10 CMakeFiles/KiMusic.dir/C_/Users/olive/.pico-sdk/sdk/2.3.0/src/rp2_common/pico_bit_ops/bit_ops_aeabi.S.obj
 .text.__wrap___aeabi_idiv
                0x10001bec       0x50 CMakeFiles/KiMusic.dir/C_/Users/olive/.pico-sdk/sdk/2.3.0/src/rp2_common/pico_divider/divider_hardware.S.obj
                0x10001bec                __wrap___aeabi_idivmod
                0x10001bec                divmod_s32s32
                0x10001bec                div_s32s32
                0x10001bec                __wrap___aeabi_idiv
                0x10001c20                divmod_s32s32_savestate
 .text.__wrap___aeabi_uidiv
                0x10001c3c       0x4c CMakeFiles/KiMusic.dir/C_/Users/olive/.pico-sdk/sdk/2.3.0/src/rp2_common/pico_divider/divider_hardware.S.obj
                0x10001c3c                __wrap___aeabi_uidivmod
                0x10001c3c                div_u32u32
                0x10001c3c                divmod_u32u32
                0x10001c3c                __wrap___aeabi_uidiv
                0x10001c6c                divmod_u32u32_savestate
 .text.__wrap___aeabi_ldiv
                0x10001c88      0x424 CMakeFiles/KiMusic.dir/C_/Users/olive/.pico-sdk/sdk/2.3.0/src/rp2_common/pico_divider/divider_hardware.S.obj
                0x10001c88                div_s64s64
                0x10001c88                divmod_s64s64
                0x10001c88                __wrap___aeabi_ldivmod
                0x10001cb8                divmod_u64u64
                0x10001cb8                div_u64u64
                0x10001cb8                __wrap___aeabi_uldivmod
                0x10001cc8                divmod_u64u64_savestate
                0x10001ce8                divmod_s64s64_unsafe
                0x10001d70                divmod_u64u64_unsafe
 .text.__wrap___aeabi_darithmetic
                0x100020ac       0x80 CMakeFiles/KiMusic.dir/C_/Users/olive/.pico-sdk/sdk/2.3.0/src/rp2_common/pico_double/double_aeabi_rp2040.S.obj
                0x100020ac                __wrap___aeabi_drsub
                0x100020b2                __wrap___aeabi_dsub
                0x100020c4                __wrap___aeabi_dadd
                0x100020d6                __wrap___aeabi_ddiv
                0x10002112                __wrap___aeabi_dmul
 .text.__wrap___aeabi_cdcmple
                0x1000212c       0x6c CMakeFiles/KiMusic.dir/C_/Users/olive/.pico-sdk/sdk/2.3.0/src/rp2_common/pico_double/double_aeabi_rp2040.S.obj
                0x1000212c                __wrap___aeabi_cdrcmple
                0x1000213c                __wrap___aeabi_cdcmpeq
                0x1000213c                __wrap___aeabi_cdcmple
 .text.__wrap___aeabi_dcmplt
                0x10002198        0xc CMakeFiles/KiMusic.dir/C_/Users/olive/.pico-sdk/sdk/2.3.0/src/rp2_common/pico_double/double_aeabi_rp2040.S.obj
                0x10002198                __wrap___aeabi_dcmplt
 .text.__wrap___aeabi_dcmple
                0x100021a4       0x10 CMakeFiles/KiMusic.dir/C_/Users/olive/.pico-sdk/sdk/2.3.0/src/rp2_common/pico_double/double_aeabi_rp2040.S.obj
                0x100021a4                __wrap___aeabi_dcmple
 .text.__wrap___aeabi_dcmpge
                0x100021b4       0x10 CMakeFiles/KiMusic.dir/C_/Users/olive/.pico-sdk/sdk/2.3.0/src/rp2_common/pico_double/double_aeabi_rp2040.S.obj
                0x100021b4                __wrap___aeabi_dcmpge
 .text.__wrap___aeabi_dcmpgt
                0x100021c4        0xa CMakeFiles/KiMusic.dir/C_/Users/olive/.pico-sdk/sdk/2.3.0/src/rp2_common/pico_double/double_aeabi_rp2040.S.obj
                0x100021c4                __wrap___aeabi_dcmpgt
 .text.__wrap___aeabi_dcmpun
                0x100021ce       0x18 CMakeFiles/KiMusic.dir/C_/Users/olive/.pico-sdk/sdk/2.3.0/src/rp2_common/pico_double/double_aeabi_rp2040.S.obj
                0x100021ce                __wrap___aeabi_dcmpun
 *fill*         0x100021e6        0x2 
 .text.__wrap___aeabi_i2d
                0x100021e8       0x38 CMakeFiles/KiMusic.dir/C_/Users/olive/.pico-sdk/sdk/2.3.0/src/rp2_common/pico_double/double_aeabi_rp2040.S.obj
                0x100021e8                uint2double
                0x100021e8                __wrap___aeabi_ui2d
                0x100021f0                int2double
                0x100021f0                __wrap___aeabi_i2d
 .text.__wrap___aeabi_d2iz
                0x10002220       0x48 CMakeFiles/KiMusic.dir/C_/Users/olive/.pico-sdk/sdk/2.3.0/src/rp2_common/pico_double/double_aeabi_rp2040.S.obj
                0x10002220                double2int_z
                0x10002220                __wrap___aeabi_d2iz
 .text.__wrap___aeabi_d2uiz
                0x10002268       0x18 CMakeFiles/KiMusic.dir/C_/Users/olive/.pico-sdk/sdk/2.3.0/src/rp2_common/pico_double/double_aeabi_rp2040.S.obj
                0x10002268                double2uint
                0x10002268                __wrap___aeabi_d2uiz
                0x10002268                double2uint_z
 .text.__aeabi_double_init
                0x10002280       0xcc CMakeFiles/KiMusic.dir/C_/Users/olive/.pico-sdk/sdk/2.3.0/src/rp2_common/pico_double/double_init_rom_rp2040.c.obj
                0x10002280                __aeabi_double_init
 .text.double_table_shim_on_use_helper
                0x1000234c       0x34 CMakeFiles/KiMusic.dir/C_/Users/olive/.pico-sdk/sdk/2.3.0/src/rp2_common/pico_double/double_v1_rom_shim_rp2040.S.obj
                0x1000234c                double_table_shim_on_use_helper
 .text.__wrap___aeabi_dsub
                0x10002380       0x10 CMakeFiles/KiMusic.dir/C_/Users/olive/.pico-sdk/sdk/2.3.0/src/rp2_common/pico_double/double_v1_rom_shim_rp2040.S.obj
                0x10002380                drsub_shim
                0x10002386                dsub_shim
 .text.dadd_shim
                0x10002390      0x15c CMakeFiles/KiMusic.dir/C_/Users/olive/.pico-sdk/sdk/2.3.0/src/rp2_common/pico_double/double_v1_rom_shim_rp2040.S.obj
                0x10002390                dadd_shim
 .text.dmul_shim
                0x100024ec      0x15c CMakeFiles/KiMusic.dir/C_/Users/olive/.pico-sdk/sdk/2.3.0/src/rp2_common/pico_double/double_v1_rom_shim_rp2040.S.obj
                0x100024ec                dmul_shim
 .text.ddiv_shim
                0x10002648      0x1b0 CMakeFiles/KiMusic.dir/C_/Users/olive/.pico-sdk/sdk/2.3.0/src/rp2_common/pico_double/double_v1_rom_shim_rp2040.S.obj
                0x10002648                ddiv_shim
 .text.double2uint_shim
                0x100027f8        0xe CMakeFiles/KiMusic.dir/C_/Users/olive/.pico-sdk/sdk/2.3.0/src/rp2_common/pico_double/double_v1_rom_shim_rp2040.S.obj
                0x100027f8                double2uint_shim
                0x100027fa                double2ufix_shim
 *fill*         0x10002806        0x2 
 .text.double2uint64_shim
                0x10002808       0x70 CMakeFiles/KiMusic.dir/C_/Users/olive/.pico-sdk/sdk/2.3.0/src/rp2_common/pico_double/double_v1_rom_shim_rp2040.S.obj
                0x10002808                double2uint64_shim
                0x1000280a                double2ufix64_shim
                0x1000282a                d2fix_a
 .text.dunpacks
                0x10002878       0x3c CMakeFiles/KiMusic.dir/C_/Users/olive/.pico-sdk/sdk/2.3.0/src/rp2_common/pico_double/double_v1_rom_shim_rp2040.S.obj
                0x10002878                dunpacks
 .text.__aeabi_lmul
                0x100028b4       0x32 CMakeFiles/KiMusic.dir/C_/Users/olive/.pico-sdk/sdk/2.3.0/src/rp2_common/pico_int64_ops/pico_int64_ops_aeabi.S.obj
                0x100028b4                __wrap___aeabi_lmul
 *fill*         0x100028e6        0x2 
 .text.__aeabi_float_init
                0x100028e8       0xfc CMakeFiles/KiMusic.dir/C_/Users/olive/.pico-sdk/sdk/2.3.0/src/rp2_common/pico_float/float_init_rom_rp2040.c.obj
                0x100028e8                __aeabi_float_init
 .text.float_table_shim_on_use_helper
                0x100029e4       0x34 CMakeFiles/KiMusic.dir/C_/Users/olive/.pico-sdk/sdk/2.3.0/src/rp2_common/pico_float/float_v1_rom_shim_rp2040.S.obj
                0x100029e4                float_table_shim_on_use_helper
 .text          0x10002a18       0x10 CMakeFiles/KiMusic.dir/C_/Users/olive/.pico-sdk/sdk/2.3.0/src/rp2_common/pico_mem_ops/mem_ops_aeabi.S.obj
                0x10002a18                __aeabi_mem_init
 .text.memset   0x10002a28        0xc CMakeFiles/KiMusic.dir/C_/Users/olive/.pico-sdk/sdk/2.3.0/src/rp2_common/pico_mem_ops/mem_ops_aeabi.S.obj
                0x10002a28                __wrap_memset
 .text.memcpy   0x10002a34        0xc CMakeFiles/KiMusic.dir/C_/Users/olive/.pico-sdk/sdk/2.3.0/src/rp2_common/pico_mem_ops/mem_ops_aeabi.S.obj
                0x10002a34                __wrap_memcpy
                0x10002a34                __wrap___aeabi_memcpy
 .text._out_null
                0x10002a40        0x2 CMakeFiles/KiMusic.dir/C_/Users/olive/.pico-sdk/sdk/2.3.0/src/rp2_common/pico_printf/printf.c.obj
 .text._out_fct
                0x10002a42        0xe CMakeFiles/KiMusic.dir/C_/Users/olive/.pico-sdk/sdk/2.3.0/src/rp2_common/pico_printf/printf.c.obj
 .text._atoi    0x10002a50       0x24 CMakeFiles/KiMusic.dir/C_/Users/olive/.pico-sdk/sdk/2.3.0/src/rp2_common/pico_printf/printf.c.obj
 .text._out_rev
                0x10002a74       0xba CMakeFiles/KiMusic.dir/C_/Users/olive/.pico-sdk/sdk/2.3.0/src/rp2_common/pico_printf/printf.c.obj
 .text._ntoa_format
                0x10002b2e      0x116 CMakeFiles/KiMusic.dir/C_/Users/olive/.pico-sdk/sdk/2.3.0/src/rp2_common/pico_printf/printf.c.obj
 .text._ntoa_long
                0x10002c44       0xb8 CMakeFiles/KiMusic.dir/C_/Users/olive/.pico-sdk/sdk/2.3.0/src/rp2_common/pico_printf/printf.c.obj
 .text._ntoa_long_long
                0x10002cfc       0xf8 CMakeFiles/KiMusic.dir/C_/Users/olive/.pico-sdk/sdk/2.3.0/src/rp2_common/pico_printf/printf.c.obj
 .text._etoa    0x10002df4      0x448 CMakeFiles/KiMusic.dir/C_/Users/olive/.pico-sdk/sdk/2.3.0/src/rp2_common/pico_printf/printf.c.obj
 .text._ftoa    0x1000323c      0x340 CMakeFiles/KiMusic.dir/C_/Users/olive/.pico-sdk/sdk/2.3.0/src/rp2_common/pico_printf/printf.c.obj
 .text._vsnprintf
                0x1000357c      0x684 CMakeFiles/KiMusic.dir/C_/Users/olive/.pico-sdk/sdk/2.3.0/src/rp2_common/pico_printf/printf.c.obj
 .text.vfctprintf
                0x10003c00       0x28 CMakeFiles/KiMusic.dir/C_/Users/olive/.pico-sdk/sdk/2.3.0/src/rp2_common/pico_printf/printf.c.obj
                0x10003c00                vfctprintf
 .text._exit    0x10003c28        0x4 CMakeFiles/KiMusic.dir/C_/Users/olive/.pico-sdk/sdk/2.3.0/src/rp2_common/pico_clib_interface/newlib_interface.c.obj
                0x10003c28                _exit
 .text._fini    0x10003c2c        0x2 CMakeFiles/KiMusic.dir/C_/Users/olive/.pico-sdk/sdk/2.3.0/src/rp2_common/pico_clib_interface/newlib_interface.c.obj
                0x10003c2c                _fini
 .text.exit     0x10003c2e        0x6 CMakeFiles/KiMusic.dir/C_/Users/olive/.pico-sdk/sdk/2.3.0/src/rp2_common/pico_clib_interface/newlib_interface.c.obj
                0x10003c2e                exit
 .text.__assert_func
                0x10003c34       0x38 CMakeFiles/KiMusic.dir/C_/Users/olive/.pico-sdk/sdk/2.3.0/src/rp2_common/pico_clib_interface/newlib_interface.c.obj
                0x10003c34                __assert_func
 .text.runtime_init
                0x10003c6c       0x28 CMakeFiles/KiMusic.dir/C_/Users/olive/.pico-sdk/sdk/2.3.0/src/rp2_common/pico_clib_interface/newlib_interface.c.obj
                0x10003c6c                runtime_init
 .text.stdio_out_chars_no_crlf
                0x10003c94        0xe CMakeFiles/KiMusic.dir/C_/Users/olive/.pico-sdk/sdk/2.3.0/src/rp2_common/pico_stdio/stdio.c.obj
 *fill*         0x10003ca2        0x2 
 .text.stdio_out_chars_crlf
                0x10003ca4       0x7c CMakeFiles/KiMusic.dir/C_/Users/olive/.pico-sdk/sdk/2.3.0/src/rp2_common/pico_stdio/stdio.c.obj
 .text.stdio_stack_buffer_flush
                0x10003d20       0x44 CMakeFiles/KiMusic.dir/C_/Users/olive/.pico-sdk/sdk/2.3.0/src/rp2_common/pico_stdio/stdio.c.obj
 .text.stdio_buffered_printer
                0x10003d64       0x1a CMakeFiles/KiMusic.dir/C_/Users/olive/.pico-sdk/sdk/2.3.0/src/rp2_common/pico_stdio/stdio.c.obj
 *fill*         0x10003d7e        0x2 
 .text.stdout_serialize_begin
                0x10003d80       0x30 CMakeFiles/KiMusic.dir/C_/Users/olive/.pico-sdk/sdk/2.3.0/src/rp2_common/pico_stdio/stdio.c.obj
                0x10003d80                stdout_serialize_begin
 .text.stdout_serialize_end
                0x10003db0       0x10 CMakeFiles/KiMusic.dir/C_/Users/olive/.pico-sdk/sdk/2.3.0/src/rp2_common/pico_stdio/stdio.c.obj
                0x10003db0                stdout_serialize_end
 .text.stdio_put_string
                0x10003dc0       0x94 CMakeFiles/KiMusic.dir/C_/Users/olive/.pico-sdk/sdk/2.3.0/src/rp2_common/pico_stdio/stdio.c.obj
                0x10003dc0                stdio_put_string
 .text.stdio_set_driver_enabled
                0x10003e54       0x30 CMakeFiles/KiMusic.dir/C_/Users/olive/.pico-sdk/sdk/2.3.0/src/rp2_common/pico_stdio/stdio.c.obj
                0x10003e54                stdio_set_driver_enabled
 .text.stdio_flush
                0x10003e84       0x20 CMakeFiles/KiMusic.dir/C_/Users/olive/.pico-sdk/sdk/2.3.0/src/rp2_common/pico_stdio/stdio.c.obj
                0x10003e84                stdio_flush
 .text.stdio_init_all
                0x10003ea4        0x8 CMakeFiles/KiMusic.dir/C_/Users/olive/.pico-sdk/sdk/2.3.0/src/rp2_common/pico_stdio/stdio.c.obj
                0x10003ea4                stdio_init_all
 .text.__wrap_puts
                0x10003eac       0x1e CMakeFiles/KiMusic.dir/C_/Users/olive/.pico-sdk/sdk/2.3.0/src/rp2_common/pico_stdio/stdio.c.obj
                0x10003eac                stdio_puts
                0x10003eac                __wrap_puts
 *fill*         0x10003eca        0x2 
 .text.__wrap_vprintf
                0x10003ecc       0x40 CMakeFiles/KiMusic.dir/C_/Users/olive/.pico-sdk/sdk/2.3.0/src/rp2_common/pico_stdio/stdio.c.obj
                0x10003ecc                stdio_vprintf
                0x10003ecc                __wrap_vprintf
 .text.__wrap_printf
                0x10003f0c       0x18 CMakeFiles/KiMusic.dir/C_/Users/olive/.pico-sdk/sdk/2.3.0/src/rp2_common/pico_stdio/stdio.c.obj
                0x10003f0c                __wrap_printf
                0x10003f0c                stdio_printf
 .text.stdio_usb_set_chars_available_callback
                0x10003f24       0x14 CMakeFiles/KiMusic.dir/C_/Users/olive/.pico-sdk/sdk/2.3.0/src/rp2_common/pico_stdio_usb/stdio_usb.c.obj
                0x10003f24                stdio_usb_set_chars_available_callback
 .text.stdio_usb_out_flush
                0x10003f38       0x4c CMakeFiles/KiMusic.dir/C_/Users/olive/.pico-sdk/sdk/2.3.0/src/rp2_common/pico_stdio_usb/stdio_usb.c.obj
 .text.usb_irq  0x10003f84       0x10 CMakeFiles/KiMusic.dir/C_/Users/olive/.pico-sdk/sdk/2.3.0/src/rp2_common/pico_stdio_usb/stdio_usb.c.obj
 .text.timer_task
                0x10003f94       0x78 CMakeFiles/KiMusic.dir/C_/Users/olive/.pico-sdk/sdk/2.3.0/src/rp2_common/pico_stdio_usb/stdio_usb.c.obj
 .text.alarm_pool_add_alarm_in_us
                0x1000400c       0x40 CMakeFiles/KiMusic.dir/C_/Users/olive/.pico-sdk/sdk/2.3.0/src/rp2_common/pico_stdio_usb/stdio_usb.c.obj
 .text.add_alarm_in_us
                0x1000404c       0x2e CMakeFiles/KiMusic.dir/C_/Users/olive/.pico-sdk/sdk/2.3.0/src/rp2_common/pico_stdio_usb/stdio_usb.c.obj
 *fill*         0x1000407a        0x2 
 .text.low_priority_worker_irq
                0x1000407c       0xa8 CMakeFiles/KiMusic.dir/C_/Users/olive/.pico-sdk/sdk/2.3.0/src/rp2_common/pico_stdio_usb/stdio_usb.c.obj
 .text.stdio_usb_init
                0x10004124       0xe0 CMakeFiles/KiMusic.dir/C_/Users/olive/.pico-sdk/sdk/2.3.0/src/rp2_common/pico_stdio_usb/stdio_usb.c.obj
                0x10004124                stdio_usb_init
 .text.stdio_usb_connected
                0x10004204        0xa CMakeFiles/KiMusic.dir/C_/Users/olive/.pico-sdk/sdk/2.3.0/src/rp2_common/pico_stdio_usb/stdio_usb.c.obj
                0x10004204                stdio_usb_connected
 *fill*         0x1000420e        0x2 
 .text.stdio_usb_in_chars
                0x10004210       0xa0 CMakeFiles/KiMusic.dir/C_/Users/olive/.pico-sdk/sdk/2.3.0/src/rp2_common/pico_stdio_usb/stdio_usb.c.obj
                0x10004210                stdio_usb_in_chars
 .text.stdio_usb_out_chars
                0x100042b0       0xe8 CMakeFiles/KiMusic.dir/C_/Users/olive/.pico-sdk/sdk/2.3.0/src/rp2_common/pico_stdio_usb/stdio_usb.c.obj
 .text.tud_descriptor_device_cb
                0x10004398        0x8 CMakeFiles/KiMusic.dir/C_/Users/olive/.pico-sdk/sdk/2.3.0/src/rp2_common/pico_stdio_usb/stdio_usb_descriptors.c.obj
                0x10004398                tud_descriptor_device_cb
 .text.tud_descriptor_configuration_cb
                0x100043a0        0x8 CMakeFiles/KiMusic.dir/C_/Users/olive/.pico-sdk/sdk/2.3.0/src/rp2_common/pico_stdio_usb/stdio_usb_descriptors.c.obj
                0x100043a0                tud_descriptor_configuration_cb
 .text.tud_descriptor_string_cb
                0x100043a8       0x6c CMakeFiles/KiMusic.dir/C_/Users/olive/.pico-sdk/sdk/2.3.0/src/rp2_common/pico_stdio_usb/stdio_usb_descriptors.c.obj
                0x100043a8                tud_descriptor_string_cb
 .text._retrieve_unique_id_on_boot
                0x10004414       0x10 CMakeFiles/KiMusic.dir/C_/Users/olive/.pico-sdk/sdk/2.3.0/src/rp2_common/pico_unique_id/unique_id.c.obj
 .text.pico_get_unique_board_id_string
                0x10004424       0x58 CMakeFiles/KiMusic.dir/C_/Users/olive/.pico-sdk/sdk/2.3.0/src/rp2_common/pico_unique_id/unique_id.c.obj
                0x10004424                pico_get_unique_board_id_string
 .text.flash_get_unique_id
                0x1000447c       0x42 CMakeFiles/KiMusic.dir/C_/Users/olive/.pico-sdk/sdk/2.3.0/src/rp2_common/hardware_flash/flash.c.obj
                0x1000447c                flash_get_unique_id
 .text.usb_reset_interface_init
                0x100044be        0x2 CMakeFiles/KiMusic.dir/C_/Users/olive/.pico-sdk/sdk/2.3.0/src/rp2_common/pico_usb_reset/usb_reset.c.obj
                0x100044be                usb_reset_interface_init
 .text.usb_reset_interface_reset
                0x100044c0        0xc CMakeFiles/KiMusic.dir/C_/Users/olive/.pico-sdk/sdk/2.3.0/src/rp2_common/pico_usb_reset/usb_reset.c.obj
                0x100044c0                usb_reset_interface_reset
 .text.usb_reset_interface_open
                0x100044cc       0x34 CMakeFiles/KiMusic.dir/C_/Users/olive/.pico-sdk/sdk/2.3.0/src/rp2_common/pico_usb_reset/usb_reset.c.obj
                0x100044cc                usb_reset_interface_open
 .text.usb_reset_interface_xfer_cb
                0x10004500        0x4 CMakeFiles/KiMusic.dir/C_/Users/olive/.pico-sdk/sdk/2.3.0/src/rp2_common/pico_usb_reset/usb_reset.c.obj
                0x10004500                usb_reset_interface_xfer_cb
 .text.usb_reset_interface_control_xfer_cb
                0x10004504       0x60 CMakeFiles/KiMusic.dir/C_/Users/olive/.pico-sdk/sdk/2.3.0/src/rp2_common/pico_usb_reset/usb_reset.c.obj
                0x10004504                usb_reset_interface_control_xfer_cb
 .text.tud_descriptor_bos_cb
                0x10004564        0x8 CMakeFiles/KiMusic.dir/C_/Users/olive/.pico-sdk/sdk/2.3.0/src/rp2_common/pico_usb_reset/usb_reset.c.obj
                0x10004564                tud_descriptor_bos_cb
 .text.tud_vendor_control_xfer_cb
                0x1000456c       0x3c CMakeFiles/KiMusic.dir/C_/Users/olive/.pico-sdk/sdk/2.3.0/src/rp2_common/pico_usb_reset/usb_reset.c.obj
                0x1000456c                tud_vendor_control_xfer_cb
 .text.usbd_app_driver_get_cb
                0x100045a8        0xc CMakeFiles/KiMusic.dir/C_/Users/olive/.pico-sdk/sdk/2.3.0/src/rp2_common/pico_usb_reset/usb_reset.c.obj
                0x100045a8                usbd_app_driver_get_cb
 .text.tud_cdc_line_coding_cb
                0x100045b4       0x2c CMakeFiles/KiMusic.dir/C_/Users/olive/.pico-sdk/sdk/2.3.0/src/rp2_common/pico_usb_reset/usb_reset.c.obj
                0x100045b4                tud_cdc_line_coding_cb
 .text.hw_endpoint_init
                0x100045e0       0xd0 CMakeFiles/KiMusic.dir/C_/Users/olive/.pico-sdk/sdk/2.3.0/lib/tinyusb/src/portable/raspberrypi/rp2040/dcd_rp2040.c.obj
 .text.hw_endpoint_alloc
                0x100046b0       0x48 CMakeFiles/KiMusic.dir/C_/Users/olive/.pico-sdk/sdk/2.3.0/lib/tinyusb/src/portable/raspberrypi/rp2040/dcd_rp2040.c.obj
 .text.hw_endpoint_open
                0x100046f8       0x54 CMakeFiles/KiMusic.dir/C_/Users/olive/.pico-sdk/sdk/2.3.0/lib/tinyusb/src/portable/raspberrypi/rp2040/dcd_rp2040.c.obj
 .text.hw_endpoint_xfer
                0x1000474c       0x20 CMakeFiles/KiMusic.dir/C_/Users/olive/.pico-sdk/sdk/2.3.0/lib/tinyusb/src/portable/raspberrypi/rp2040/dcd_rp2040.c.obj
 .text.dcd_int_enable
                0x1000476c       0x2c CMakeFiles/KiMusic.dir/C_/Users/olive/.pico-sdk/sdk/2.3.0/lib/tinyusb/src/portable/raspberrypi/rp2040/dcd_rp2040.c.obj
                0x1000476c                dcd_int_enable
 .text.dcd_set_address
                0x10004798       0x2c CMakeFiles/KiMusic.dir/C_/Users/olive/.pico-sdk/sdk/2.3.0/lib/tinyusb/src/portable/raspberrypi/rp2040/dcd_rp2040.c.obj
                0x10004798                dcd_set_address
 .text.dcd_connect
                0x100047c4       0x10 CMakeFiles/KiMusic.dir/C_/Users/olive/.pico-sdk/sdk/2.3.0/lib/tinyusb/src/portable/raspberrypi/rp2040/dcd_rp2040.c.obj
                0x100047c4                dcd_connect
 .text.dcd_init
                0x100047d4       0x80 CMakeFiles/KiMusic.dir/C_/Users/olive/.pico-sdk/sdk/2.3.0/lib/tinyusb/src/portable/raspberrypi/rp2040/dcd_rp2040.c.obj
                0x100047d4                dcd_init
 .text.dcd_sof_enable
                0x10004854       0x1c CMakeFiles/KiMusic.dir/C_/Users/olive/.pico-sdk/sdk/2.3.0/lib/tinyusb/src/portable/raspberrypi/rp2040/dcd_rp2040.c.obj
                0x10004854                dcd_sof_enable
 .text.dcd_edpt0_status_complete
                0x10004870       0x2c CMakeFiles/KiMusic.dir/C_/Users/olive/.pico-sdk/sdk/2.3.0/lib/tinyusb/src/portable/raspberrypi/rp2040/dcd_rp2040.c.obj
                0x10004870                dcd_edpt0_status_complete
 .text.dcd_edpt_open
                0x1000489c       0x26 CMakeFiles/KiMusic.dir/C_/Users/olive/.pico-sdk/sdk/2.3.0/lib/tinyusb/src/portable/raspberrypi/rp2040/dcd_rp2040.c.obj
                0x1000489c                dcd_edpt_open
 .text.dcd_edpt_close_all
                0x100048c2        0x8 CMakeFiles/KiMusic.dir/C_/Users/olive/.pico-sdk/sdk/2.3.0/lib/tinyusb/src/portable/raspberrypi/rp2040/dcd_rp2040.c.obj
                0x100048c2                dcd_edpt_close_all
 *fill*         0x100048ca        0x2 
 .text.dcd_edpt_xfer
                0x100048cc       0x34 CMakeFiles/KiMusic.dir/C_/Users/olive/.pico-sdk/sdk/2.3.0/lib/tinyusb/src/portable/raspberrypi/rp2040/dcd_rp2040.c.obj
                0x100048cc                dcd_edpt_xfer
 .text.dcd_edpt_stall
                0x10004900       0x3c CMakeFiles/KiMusic.dir/C_/Users/olive/.pico-sdk/sdk/2.3.0/lib/tinyusb/src/portable/raspberrypi/rp2040/dcd_rp2040.c.obj
                0x10004900                dcd_edpt_stall
 .text.dcd_edpt_clear_stall
                0x1000493c       0x30 CMakeFiles/KiMusic.dir/C_/Users/olive/.pico-sdk/sdk/2.3.0/lib/tinyusb/src/portable/raspberrypi/rp2040/dcd_rp2040.c.obj
                0x1000493c                dcd_edpt_clear_stall
 .text.unaligned_memcpy
                0x1000496c       0x14 CMakeFiles/KiMusic.dir/C_/Users/olive/.pico-sdk/sdk/2.3.0/lib/tinyusb/src/portable/raspberrypi/rp2040/rp2040_usb.c.obj
 .text.rp2040_usb_init
                0x10004980       0x44 CMakeFiles/KiMusic.dir/C_/Users/olive/.pico-sdk/sdk/2.3.0/lib/tinyusb/src/portable/raspberrypi/rp2040/rp2040_usb.c.obj
                0x10004980                rp2040_usb_init
 .text.hw_endpoint_xfer_start
                0x100049c4       0x60 CMakeFiles/KiMusic.dir/C_/Users/olive/.pico-sdk/sdk/2.3.0/lib/tinyusb/src/portable/raspberrypi/rp2040/rp2040_usb.c.obj
                0x100049c4                hw_endpoint_xfer_start
 .text.configuration_reset
                0x10004a24       0x7c CMakeFiles/KiMusic.dir/C_/Users/olive/.pico-sdk/sdk/2.3.0/lib/tinyusb/src/device/usbd.c.obj
 .text.usbd_reset
                0x10004aa0        0xc CMakeFiles/KiMusic.dir/C_/Users/olive/.pico-sdk/sdk/2.3.0/lib/tinyusb/src/device/usbd.c.obj
 .text.invoke_class_control
                0x10004aac       0x1a CMakeFiles/KiMusic.dir/C_/Users/olive/.pico-sdk/sdk/2.3.0/lib/tinyusb/src/device/usbd.c.obj
 *fill*         0x10004ac6        0x2 
 .text.process_set_config
                0x10004ac8      0x190 CMakeFiles/KiMusic.dir/C_/Users/olive/.pico-sdk/sdk/2.3.0/lib/tinyusb/src/device/usbd.c.obj
 .text.tud_event_hook_cb
                0x10004c58        0x2 CMakeFiles/KiMusic.dir/C_/Users/olive/.pico-sdk/sdk/2.3.0/lib/tinyusb/src/device/usbd.c.obj
                0x10004c58                tud_event_hook_cb
 .text.tud_sof_cb
                0x10004c5a        0x2 CMakeFiles/KiMusic.dir/C_/Users/olive/.pico-sdk/sdk/2.3.0/lib/tinyusb/src/device/usbd.c.obj
                0x10004c5a                tud_sof_cb
 .text.tud_descriptor_device_qualifier_cb
                0x10004c5c        0x4 CMakeFiles/KiMusic.dir/C_/Users/olive/.pico-sdk/sdk/2.3.0/lib/tinyusb/src/device/usbd.c.obj
                0x10004c5c                tud_descriptor_device_qualifier_cb
 .text.tud_descriptor_other_speed_configuration_cb
                0x10004c60        0x4 CMakeFiles/KiMusic.dir/C_/Users/olive/.pico-sdk/sdk/2.3.0/lib/tinyusb/src/device/usbd.c.obj
                0x10004c60                tud_descriptor_other_speed_configuration_cb
 .text.process_get_descriptor
                0x10004c64       0xf4 CMakeFiles/KiMusic.dir/C_/Users/olive/.pico-sdk/sdk/2.3.0/lib/tinyusb/src/device/usbd.c.obj
 .text.tud_mount_cb
                0x10004d58        0x2 CMakeFiles/KiMusic.dir/C_/Users/olive/.pico-sdk/sdk/2.3.0/lib/tinyusb/src/device/usbd.c.obj
                0x10004d58                tud_mount_cb
 .text.tud_umount_cb
                0x10004d5a        0x2 CMakeFiles/KiMusic.dir/C_/Users/olive/.pico-sdk/sdk/2.3.0/lib/tinyusb/src/device/usbd.c.obj
                0x10004d5a                tud_umount_cb
 .text.tud_suspend_cb
                0x10004d5c        0x2 CMakeFiles/KiMusic.dir/C_/Users/olive/.pico-sdk/sdk/2.3.0/lib/tinyusb/src/device/usbd.c.obj
                0x10004d5c                tud_suspend_cb
 .text.tud_resume_cb
                0x10004d5e        0x2 CMakeFiles/KiMusic.dir/C_/Users/olive/.pico-sdk/sdk/2.3.0/lib/tinyusb/src/device/usbd.c.obj
                0x10004d5e                tud_resume_cb
 .text.tud_mounted
                0x10004d60       0x10 CMakeFiles/KiMusic.dir/C_/Users/olive/.pico-sdk/sdk/2.3.0/lib/tinyusb/src/device/usbd.c.obj
                0x10004d60                tud_mounted
 .text.tud_suspended
                0x10004d70       0x10 CMakeFiles/KiMusic.dir/C_/Users/olive/.pico-sdk/sdk/2.3.0/lib/tinyusb/src/device/usbd.c.obj
                0x10004d70                tud_suspended
 .text.tud_inited
                0x10004d80       0x14 CMakeFiles/KiMusic.dir/C_/Users/olive/.pico-sdk/sdk/2.3.0/lib/tinyusb/src/device/usbd.c.obj
                0x10004d80                tud_inited
 .text.tud_rhport_init
                0x10004d94       0xfc CMakeFiles/KiMusic.dir/C_/Users/olive/.pico-sdk/sdk/2.3.0/lib/tinyusb/src/device/usbd.c.obj
                0x10004d94                tud_rhport_init
 .text.usbd_edpt_open
                0x10004e90       0x64 CMakeFiles/KiMusic.dir/C_/Users/olive/.pico-sdk/sdk/2.3.0/lib/tinyusb/src/device/usbd.c.obj
                0x10004e90                usbd_edpt_open
 .text.usbd_open_edpt_pair
                0x10004ef4       0x80 CMakeFiles/KiMusic.dir/C_/Users/olive/.pico-sdk/sdk/2.3.0/lib/tinyusb/src/device/usbd.c.obj
                0x10004ef4                usbd_open_edpt_pair
 .text.usbd_edpt_claim
                0x10004f74       0x28 CMakeFiles/KiMusic.dir/C_/Users/olive/.pico-sdk/sdk/2.3.0/lib/tinyusb/src/device/usbd.c.obj
                0x10004f74                usbd_edpt_claim
 .text.usbd_edpt_release
                0x10004f9c       0x28 CMakeFiles/KiMusic.dir/C_/Users/olive/.pico-sdk/sdk/2.3.0/lib/tinyusb/src/device/usbd.c.obj
                0x10004f9c                usbd_edpt_release
 .text.usbd_edpt_xfer
                0x10004fc4       0x80 CMakeFiles/KiMusic.dir/C_/Users/olive/.pico-sdk/sdk/2.3.0/lib/tinyusb/src/device/usbd.c.obj
                0x10004fc4                usbd_edpt_xfer
 .text.usbd_edpt_stall
                0x10005044       0x34 CMakeFiles/KiMusic.dir/C_/Users/olive/.pico-sdk/sdk/2.3.0/lib/tinyusb/src/device/usbd.c.obj
                0x10005044                usbd_edpt_stall
 .text.usbd_edpt_clear_stall
                0x10005078       0x34 CMakeFiles/KiMusic.dir/C_/Users/olive/.pico-sdk/sdk/2.3.0/lib/tinyusb/src/device/usbd.c.obj
                0x10005078                usbd_edpt_clear_stall
 .text.usbd_edpt_stalled
                0x100050ac       0x1c CMakeFiles/KiMusic.dir/C_/Users/olive/.pico-sdk/sdk/2.3.0/lib/tinyusb/src/device/usbd.c.obj
                0x100050ac                usbd_edpt_stalled
 .text.process_control_request
                0x100050c8      0x3f0 CMakeFiles/KiMusic.dir/C_/Users/olive/.pico-sdk/sdk/2.3.0/lib/tinyusb/src/device/usbd.c.obj
 .text.tud_task_ext
                0x100054b8      0x1e4 CMakeFiles/KiMusic.dir/C_/Users/olive/.pico-sdk/sdk/2.3.0/lib/tinyusb/src/device/usbd.c.obj
                0x100054b8                tud_task_ext
 .text.status_stage_xact
                0x1000569c       0x1a CMakeFiles/KiMusic.dir/C_/Users/olive/.pico-sdk/sdk/2.3.0/lib/tinyusb/src/device/usbd_control.c.obj
 *fill*         0x100056b6        0x2 
 .text.data_stage_xact
                0x100056b8       0x60 CMakeFiles/KiMusic.dir/C_/Users/olive/.pico-sdk/sdk/2.3.0/lib/tinyusb/src/device/usbd_control.c.obj
 .text.tud_control_status
                0x10005718       0x28 CMakeFiles/KiMusic.dir/C_/Users/olive/.pico-sdk/sdk/2.3.0/lib/tinyusb/src/device/usbd_control.c.obj
                0x10005718                tud_control_status
 .text.tud_control_xfer
                0x10005740       0x98 CMakeFiles/KiMusic.dir/C_/Users/olive/.pico-sdk/sdk/2.3.0/lib/tinyusb/src/device/usbd_control.c.obj
                0x10005740                tud_control_xfer
 .text.usbd_control_reset
                0x100057d8       0x14 CMakeFiles/KiMusic.dir/C_/Users/olive/.pico-sdk/sdk/2.3.0/lib/tinyusb/src/device/usbd_control.c.obj
                0x100057d8                usbd_control_reset
 .text.usbd_control_set_complete_callback
                0x100057ec        0xc CMakeFiles/KiMusic.dir/C_/Users/olive/.pico-sdk/sdk/2.3.0/lib/tinyusb/src/device/usbd_control.c.obj
                0x100057ec                usbd_control_set_complete_callback
 .text.usbd_control_set_request
                0x100057f8       0x1c CMakeFiles/KiMusic.dir/C_/Users/olive/.pico-sdk/sdk/2.3.0/lib/tinyusb/src/device/usbd_control.c.obj
                0x100057f8                usbd_control_set_request
 .text.usbd_control_xfer_cb
                0x10005814       0xec CMakeFiles/KiMusic.dir/C_/Users/olive/.pico-sdk/sdk/2.3.0/lib/tinyusb/src/device/usbd_control.c.obj
                0x10005814                usbd_control_xfer_cb
 .text._prep_out_transaction
                0x10005900       0x98 CMakeFiles/KiMusic.dir/C_/Users/olive/.pico-sdk/sdk/2.3.0/lib/tinyusb/src/class/cdc/cdc_device.c.obj
 .text.tud_cdc_n_connected
                0x10005998       0x34 CMakeFiles/KiMusic.dir/C_/Users/olive/.pico-sdk/sdk/2.3.0/lib/tinyusb/src/class/cdc/cdc_device.c.obj
                0x10005998                tud_cdc_n_connected
 .text.tud_cdc_n_available
                0x100059cc       0x18 CMakeFiles/KiMusic.dir/C_/Users/olive/.pico-sdk/sdk/2.3.0/lib/tinyusb/src/class/cdc/cdc_device.c.obj
                0x100059cc                tud_cdc_n_available
 .text.tud_cdc_n_read
                0x100059e4       0x38 CMakeFiles/KiMusic.dir/C_/Users/olive/.pico-sdk/sdk/2.3.0/lib/tinyusb/src/class/cdc/cdc_device.c.obj
                0x100059e4                tud_cdc_n_read
 .text.tud_cdc_n_write_flush
                0x10005a1c       0xa8 CMakeFiles/KiMusic.dir/C_/Users/olive/.pico-sdk/sdk/2.3.0/lib/tinyusb/src/class/cdc/cdc_device.c.obj
                0x10005a1c                tud_cdc_n_write_flush
 .text.tud_cdc_n_write
                0x10005ac4       0x48 CMakeFiles/KiMusic.dir/C_/Users/olive/.pico-sdk/sdk/2.3.0/lib/tinyusb/src/class/cdc/cdc_device.c.obj
                0x10005ac4                tud_cdc_n_write
 .text.tud_cdc_n_write_available
                0x10005b0c       0x18 CMakeFiles/KiMusic.dir/C_/Users/olive/.pico-sdk/sdk/2.3.0/lib/tinyusb/src/class/cdc/cdc_device.c.obj
                0x10005b0c                tud_cdc_n_write_available
 .text.cdcd_init
                0x10005b24       0xa4 CMakeFiles/KiMusic.dir/C_/Users/olive/.pico-sdk/sdk/2.3.0/lib/tinyusb/src/class/cdc/cdc_device.c.obj
                0x10005b24                cdcd_init
 .text.cdcd_deinit
                0x10005bc8       0x4c CMakeFiles/KiMusic.dir/C_/Users/olive/.pico-sdk/sdk/2.3.0/lib/tinyusb/src/class/cdc/cdc_device.c.obj
                0x10005bc8                cdcd_deinit
 .text.cdcd_reset
                0x10005c14       0x70 CMakeFiles/KiMusic.dir/C_/Users/olive/.pico-sdk/sdk/2.3.0/lib/tinyusb/src/class/cdc/cdc_device.c.obj
                0x10005c14                cdcd_reset
 .text.cdcd_open
                0x10005c84      0x104 CMakeFiles/KiMusic.dir/C_/Users/olive/.pico-sdk/sdk/2.3.0/lib/tinyusb/src/class/cdc/cdc_device.c.obj
                0x10005c84                cdcd_open
 .text.cdcd_control_xfer_cb
                0x10005d88      0x148 CMakeFiles/KiMusic.dir/C_/Users/olive/.pico-sdk/sdk/2.3.0/lib/tinyusb/src/class/cdc/cdc_device.c.obj
                0x10005d88                cdcd_control_xfer_cb
 .text.cdcd_xfer_cb
                0x10005ed0      0x14c CMakeFiles/KiMusic.dir/C_/Users/olive/.pico-sdk/sdk/2.3.0/lib/tinyusb/src/class/cdc/cdc_device.c.obj
                0x10005ed0                cdcd_xfer_cb
 .text.tusb_rhport_init
                0x1000601c       0x7c CMakeFiles/KiMusic.dir/C_/Users/olive/.pico-sdk/sdk/2.3.0/lib/tinyusb/src/tusb.c.obj
                0x1000601c                tusb_rhport_init
 .text.tu_edpt_claim
                0x10006098       0x56 CMakeFiles/KiMusic.dir/C_/Users/olive/.pico-sdk/sdk/2.3.0/lib/tinyusb/src/tusb.c.obj
                0x10006098                tu_edpt_claim
 .text.tu_edpt_release
                0x100060ee       0x40 CMakeFiles/KiMusic.dir/C_/Users/olive/.pico-sdk/sdk/2.3.0/lib/tinyusb/src/tusb.c.obj
                0x100060ee                tu_edpt_release
 *fill*         0x1000612e        0x2 
 .text.tu_edpt_validate
                0x10006130       0xac CMakeFiles/KiMusic.dir/C_/Users/olive/.pico-sdk/sdk/2.3.0/lib/tinyusb/src/tusb.c.obj
                0x10006130                tu_edpt_validate
 .text.tu_edpt_bind_driver
                0x100061dc       0x2a CMakeFiles/KiMusic.dir/C_/Users/olive/.pico-sdk/sdk/2.3.0/lib/tinyusb/src/tusb.c.obj
                0x100061dc                tu_edpt_bind_driver
 .text.advance_index
                0x10006206       0x1a CMakeFiles/KiMusic.dir/C_/Users/olive/.pico-sdk/sdk/2.3.0/lib/tinyusb/src/common/tusb_fifo.c.obj
 .text._tu_fifo_peek
                0x10006220       0x5a CMakeFiles/KiMusic.dir/C_/Users/olive/.pico-sdk/sdk/2.3.0/lib/tinyusb/src/common/tusb_fifo.c.obj
 .text._ff_pull_n
                0x1000627a       0x70 CMakeFiles/KiMusic.dir/C_/Users/olive/.pico-sdk/sdk/2.3.0/lib/tinyusb/src/common/tusb_fifo.c.obj
 .text._tu_fifo_peek_n
                0x100062ea       0x70 CMakeFiles/KiMusic.dir/C_/Users/olive/.pico-sdk/sdk/2.3.0/lib/tinyusb/src/common/tusb_fifo.c.obj
 .text._tu_fifo_read_n
                0x1000635a       0x4e CMakeFiles/KiMusic.dir/C_/Users/olive/.pico-sdk/sdk/2.3.0/lib/tinyusb/src/common/tusb_fifo.c.obj
 .text._ff_push_n
                0x100063a8       0x70 CMakeFiles/KiMusic.dir/C_/Users/olive/.pico-sdk/sdk/2.3.0/lib/tinyusb/src/common/tusb_fifo.c.obj
 .text._tu_fifo_write_n
                0x10006418       0xf0 CMakeFiles/KiMusic.dir/C_/Users/olive/.pico-sdk/sdk/2.3.0/lib/tinyusb/src/common/tusb_fifo.c.obj
 .text.tu_fifo_config
                0x10006508       0x82 CMakeFiles/KiMusic.dir/C_/Users/olive/.pico-sdk/sdk/2.3.0/lib/tinyusb/src/common/tusb_fifo.c.obj
                0x10006508                tu_fifo_config
 .text.tu_fifo_count
                0x1000658a       0x2c CMakeFiles/KiMusic.dir/C_/Users/olive/.pico-sdk/sdk/2.3.0/lib/tinyusb/src/common/tusb_fifo.c.obj
                0x1000658a                tu_fifo_count
 .text.tu_fifo_empty
                0x100065b6        0xe CMakeFiles/KiMusic.dir/C_/Users/olive/.pico-sdk/sdk/2.3.0/lib/tinyusb/src/common/tusb_fifo.c.obj
                0x100065b6                tu_fifo_empty
 .text.tu_fifo_full
                0x100065c4       0x2e CMakeFiles/KiMusic.dir/C_/Users/olive/.pico-sdk/sdk/2.3.0/lib/tinyusb/src/common/tusb_fifo.c.obj
                0x100065c4                tu_fifo_full
 .text.tu_fifo_remaining
                0x100065f2       0x2e CMakeFiles/KiMusic.dir/C_/Users/olive/.pico-sdk/sdk/2.3.0/lib/tinyusb/src/common/tusb_fifo.c.obj
                0x100065f2                tu_fifo_remaining
 .text.tu_fifo_read
                0x10006620       0x42 CMakeFiles/KiMusic.dir/C_/Users/olive/.pico-sdk/sdk/2.3.0/lib/tinyusb/src/common/tusb_fifo.c.obj
                0x10006620                tu_fifo_read
 .text.tu_fifo_read_n
                0x10006662        0xa CMakeFiles/KiMusic.dir/C_/Users/olive/.pico-sdk/sdk/2.3.0/lib/tinyusb/src/common/tusb_fifo.c.obj
                0x10006662                tu_fifo_read_n
 .text.tu_fifo_write
                0x1000666c       0x66 CMakeFiles/KiMusic.dir/C_/Users/olive/.pico-sdk/sdk/2.3.0/lib/tinyusb/src/common/tusb_fifo.c.obj
                0x1000666c                tu_fifo_write
 .text.tu_fifo_write_n
                0x100066d2        0xa CMakeFiles/KiMusic.dir/C_/Users/olive/.pico-sdk/sdk/2.3.0/lib/tinyusb/src/common/tusb_fifo.c.obj
                0x100066d2                tu_fifo_write_n
 .text.tu_fifo_clear
                0x100066dc       0x3e CMakeFiles/KiMusic.dir/C_/Users/olive/.pico-sdk/sdk/2.3.0/lib/tinyusb/src/common/tusb_fifo.c.obj
                0x100066dc                tu_fifo_clear
 .text.tu_fifo_set_overwritable
                0x1000671a       0x46 CMakeFiles/KiMusic.dir/C_/Users/olive/.pico-sdk/sdk/2.3.0/lib/tinyusb/src/common/tusb_fifo.c.obj
                0x1000671a                tu_fifo_set_overwritable
 .text.pio_get_default_sm_config
                0x10006760       0x28 CMakeFiles/KiMusic.dir/C_/Users/olive/.pico-sdk/sdk/2.3.0/src/rp2_common/hardware_pio/pio.c.obj
 .text.is_program_gpio_compatible
                0x10006788        0x4 CMakeFiles/KiMusic.dir/C_/Users/olive/.pico-sdk/sdk/2.3.0/src/rp2_common/hardware_pio/pio.c.obj
 .text.add_program_at_offset_check
                0x1000678c       0x64 CMakeFiles/KiMusic.dir/C_/Users/olive/.pico-sdk/sdk/2.3.0/src/rp2_common/hardware_pio/pio.c.obj
 .text.add_program_at_offset
                0x100067f0       0x60 CMakeFiles/KiMusic.dir/C_/Users/olive/.pico-sdk/sdk/2.3.0/src/rp2_common/hardware_pio/pio.c.obj
 .text.find_offset_for_program
                0x10006850       0x80 CMakeFiles/KiMusic.dir/C_/Users/olive/.pico-sdk/sdk/2.3.0/src/rp2_common/hardware_pio/pio.c.obj
 .text.pio_claim_unused_sm
                0x100068d0       0x38 CMakeFiles/KiMusic.dir/C_/Users/olive/.pico-sdk/sdk/2.3.0/src/rp2_common/hardware_pio/pio.c.obj
                0x100068d0                pio_claim_unused_sm
 .text.pio_add_program
                0x10006908       0x30 CMakeFiles/KiMusic.dir/C_/Users/olive/.pico-sdk/sdk/2.3.0/src/rp2_common/hardware_pio/pio.c.obj
                0x10006908                pio_add_program
 .text.pio_sm_init
                0x10006938       0xb4 CMakeFiles/KiMusic.dir/C_/Users/olive/.pico-sdk/sdk/2.3.0/src/rp2_common/hardware_pio/pio.c.obj
                0x10006938                pio_sm_init
 .text.strlen   0x100069ec       0x60 C:/Users/olive/.pico-sdk/toolchain/15_2_Rel1/bin/../lib/gcc/arm-none-eabi/15.2.1/../../../../arm-none-eabi/lib/thumb/v6-m/nofp\libg.a(libc_a-strlen-stub.o)
                0x100069ec                strlen
 *fill*         0x10006a4c        0x4 
 .text.strlen.__stub
                0x10006a50       0xd0 linker stubs
 *(.fini)
 *crtbegin.o(.ctors)
 *crtbegin?.o(.ctors)
 *(EXCLUDE_FILE(*crtend.o *crtend?.o) .ctors)
 *(SORT_BY_NAME(.ctors.*))
 *(.ctors)
 *crtbegin.o(.dtors)
 *crtbegin?.o(.dtors)
 *(EXCLUDE_FILE(*crtend.o *crtend?.o) .dtors)
 *(SORT_BY_NAME(.dtors.*))
 *(.dtors)
                0x10006b20                        . = ALIGN (0x4)
                [!provide]                        PROVIDE (__bothinit_array_start = .)
                0x10006b20                        PROVIDE (__preinit_array_start = .)
 *(SORT_BY_NAME(.preinit_array.*))
 .preinit_array.00100
                0x10006b20        0x4 CMakeFiles/KiMusic.dir/C_/Users/olive/.pico-sdk/sdk/2.3.0/src/rp2_common/pico_runtime_init/runtime_init.c.obj
                0x10006b20                __pre_init_runtime_init_early_resets
 .preinit_array.00101
                0x10006b24        0x4 CMakeFiles/KiMusic.dir/C_/Users/olive/.pico-sdk/sdk/2.3.0/src/rp2_common/pico_runtime_init/runtime_init.c.obj
                0x10006b24                __pre_init_runtime_init_usb_power_down
 .preinit_array.00275
                0x10006b28        0x4 CMakeFiles/KiMusic.dir/C_/Users/olive/.pico-sdk/sdk/2.3.0/src/rp2_common/pico_bit_ops/bit_ops_aeabi.S.obj
 .preinit_array.00300
                0x10006b2c        0x4 CMakeFiles/KiMusic.dir/C_/Users/olive/.pico-sdk/sdk/2.3.0/src/rp2_common/pico_mem_ops/mem_ops_aeabi.S.obj
 .preinit_array.00350
                0x10006b30        0x4 CMakeFiles/KiMusic.dir/C_/Users/olive/.pico-sdk/sdk/2.3.0/src/rp2_common/pico_double/double_aeabi_rp2040.S.obj
 .preinit_array.00350
                0x10006b34        0x4 CMakeFiles/KiMusic.dir/C_/Users/olive/.pico-sdk/sdk/2.3.0/src/rp2_common/pico_float/float_aeabi_rp2040.S.obj
 .preinit_array.00500
                0x10006b38        0x4 CMakeFiles/KiMusic.dir/C_/Users/olive/.pico-sdk/sdk/2.3.0/src/rp2_common/pico_runtime_init/runtime_init.c.obj
                0x10006b38                __pre_init_runtime_init_clocks
 .preinit_array.00600
                0x10006b3c        0x4 CMakeFiles/KiMusic.dir/C_/Users/olive/.pico-sdk/sdk/2.3.0/src/rp2_common/pico_runtime_init/runtime_init.c.obj
                0x10006b3c                __pre_init_runtime_init_post_clock_resets
 .preinit_array.00700
                0x10006b40        0x4 CMakeFiles/KiMusic.dir/C_/Users/olive/.pico-sdk/sdk/2.3.0/src/rp2_common/pico_runtime_init/runtime_init.c.obj
                0x10006b40                __pre_init_runtime_init_rp2040_gpio_ie_disable
 .preinit_array.01000
                0x10006b44        0x4 CMakeFiles/KiMusic.dir/C_/Users/olive/.pico-sdk/sdk/2.3.0/src/rp2_common/pico_runtime_init/runtime_init.c.obj
                0x10006b44                __pre_init_runtime_init_spin_locks_reset
 .preinit_array.01100
                0x10006b48        0x4 CMakeFiles/KiMusic.dir/C_/Users/olive/.pico-sdk/sdk/2.3.0/src/common/pico_sync/mutex.c.obj
                0x10006b48                __pre_init_runtime_init_mutex
 .preinit_array.10080
                0x10006b4c        0x4 CMakeFiles/KiMusic.dir/C_/Users/olive/.pico-sdk/sdk/2.3.0/src/rp2_common/pico_runtime_init/runtime_init.c.obj
                0x10006b4c                __pre_init_runtime_init_install_ram_vector_table
 .preinit_array.11000
                0x10006b50        0x4 CMakeFiles/KiMusic.dir/C_/Users/olive/.pico-sdk/sdk/2.3.0/src/common/pico_time/time.c.obj
                0x10006b50                __pre_init_runtime_init_default_alarm_pool
 .preinit_array.YYYYY
                0x10006b54        0x4 CMakeFiles/KiMusic.dir/C_/Users/olive/.pico-sdk/sdk/2.3.0/src/rp2_common/pico_runtime/runtime.c.obj
                0x10006b54                __pre_init_first_per_core_initializer
 .preinit_array.ZZZZZ.01200
                0x10006b58        0x4 CMakeFiles/KiMusic.dir/C_/Users/olive/.pico-sdk/sdk/2.3.0/src/rp2_common/hardware_irq/irq.c.obj
                0x10006b58                __pre_init_runtime_init_per_core_irq_priorities
 *(.preinit_array)
                0x10006b5c                        PROVIDE (__preinit_array_end = .)
                0x10006b5c                        . = ALIGN (0x4)
                0x10006b5c                        PROVIDE (__init_array_start = .)
 *(SORT_BY_NAME(.init_array.*))
 .init_array.01000
                0x10006b5c        0x4 CMakeFiles/KiMusic.dir/C_/Users/olive/.pico-sdk/sdk/2.3.0/src/rp2_common/pico_unique_id/unique_id.c.obj
 *(.init_array)
                0x10006b60                        PROVIDE (__init_array_end = .)
                [!provide]                        PROVIDE (__bothinit_array_end = .)
                0x10006b60                        . = ALIGN (0x4)
                [!provide]                        PROVIDE (__fini_array_start = .)
 *(SORT_BY_NAME(.fini_array.*))
 *(.fini_array)
                [!provide]                        PROVIDE (__fini_array_end = .)
                [!provide]                        PROVIDE (__dso_handle = 0x0)
 *(.eh_frame*)
                0x10006b60                        . = ALIGN (0x4)

.glue_7         0x10006b60        0x0
 .glue_7        0x10006b60        0x0 linker stubs

.glue_7t        0x10006b60        0x0
 .glue_7t       0x10006b60        0x0 linker stubs

.vfp11_veneer   0x10006b60        0x0
 .vfp11_veneer  0x10006b60        0x0 linker stubs

.v4_bx          0x10006b60        0x0
 .v4_bx         0x10006b60        0x0 linker stubs

.iplt           0x10006b60        0x0
 .iplt          0x10006b60        0x0 CMakeFiles/KiMusic.dir/KiMusic.cpp.obj

.rodata         0x10006b60     0x12bc
 *(EXCLUDE_FILE(*libm.a: *lib*_a-mem*.o *libc.a: *libgcc.a:) .rodata*)
 .rodata._ZN7Encoder10readRotateEv.str1.4
                0x10006b60      0xd34 CMakeFiles/KiMusic.dir/KiMusic.cpp.obj
                                  0x4 (size before relaxing)
 .rodata._ZN6Player9setVolumeEi.str1.4
                0x10007894        0x0 CMakeFiles/KiMusic.dir/KiMusic.cpp.obj
                                 0x12 (size before relaxing)
 .rodata._ZN6Player7controlEv.str1.4
                0x10007894        0x0 CMakeFiles/KiMusic.dir/KiMusic.cpp.obj
                                 0x64 (size before relaxing)
 .rodata._ZL19quadratureA_program
                0x10007894        0x8 CMakeFiles/KiMusic.dir/KiMusic.cpp.obj
 .rodata._ZL32quadratureA_program_instructions
                0x1000789c       0x1c CMakeFiles/KiMusic.dir/KiMusic.cpp.obj
 .rodata.rp2040_chip_version.str1.4
                0x100078b8        0x0 CMakeFiles/KiMusic.dir/C_/Users/olive/.pico-sdk/sdk/2.3.0/src/rp2040/pico_platform/platform.c.obj
                                 0x7d (size before relaxing)
 .rodata.__func__.0
                0x100078b8       0x14 CMakeFiles/KiMusic.dir/C_/Users/olive/.pico-sdk/sdk/2.3.0/src/rp2040/pico_platform/platform.c.obj
 .rodata.panic.str1.4
                0x100078cc        0x0 CMakeFiles/KiMusic.dir/C_/Users/olive/.pico-sdk/sdk/2.3.0/src/rp2_common/pico_platform_panic/panic.c.obj
                                 0x11 (size before relaxing)
 .rodata.spin_lock_claim_unused.str1.4
                0x100078cc        0x0 CMakeFiles/KiMusic.dir/C_/Users/olive/.pico-sdk/sdk/2.3.0/src/rp2_common/hardware_sync/sync.c.obj
                                 0x1b (size before relaxing)
 .rodata.resolve_j_16.str1.4
                0x100078cc        0x0 CMakeFiles/KiMusic.dir/C_/Users/olive/.pico-sdk/sdk/2.3.0/src/rp2_common/hardware_irq/irq.c.obj
                                 0x5d (size before relaxing)
 .rodata.make_j_16.str1.4
                0x100078cc        0x0 CMakeFiles/KiMusic.dir/C_/Users/olive/.pico-sdk/sdk/2.3.0/src/rp2_common/hardware_irq/irq.c.obj
                                 0x30 (size before relaxing)
 .rodata.irq_set_exclusive_handler.str1.4
                0x100078cc        0x0 CMakeFiles/KiMusic.dir/C_/Users/olive/.pico-sdk/sdk/2.3.0/src/rp2_common/hardware_irq/irq.c.obj
                                 0x36 (size before relaxing)
 .rodata.irq_add_shared_handler.str1.4
                0x100078cc        0x0 CMakeFiles/KiMusic.dir/C_/Users/olive/.pico-sdk/sdk/2.3.0/src/rp2_common/hardware_irq/irq.c.obj
                                 0xd2 (size before relaxing)
 .rodata.irq_add_tail_to_free_list.str1.4
                0x100078cc        0x0 CMakeFiles/KiMusic.dir/C_/Users/olive/.pico-sdk/sdk/2.3.0/src/rp2_common/hardware_irq/irq.c.obj
                                 0x3a (size before relaxing)
 .rodata.user_irq_claim_unused.str1.4
                0x100078cc        0x0 CMakeFiles/KiMusic.dir/C_/Users/olive/.pico-sdk/sdk/2.3.0/src/rp2_common/hardware_irq/irq.c.obj
                                 0x1b (size before relaxing)
 .rodata.__func__.0
                0x100078cc       0x1a CMakeFiles/KiMusic.dir/C_/Users/olive/.pico-sdk/sdk/2.3.0/src/rp2_common/hardware_irq/irq.c.obj
 *fill*         0x100078e6        0x2 
 .rodata.__func__.3
                0x100078e8        0xa CMakeFiles/KiMusic.dir/C_/Users/olive/.pico-sdk/sdk/2.3.0/src/rp2_common/hardware_irq/irq.c.obj
 *fill*         0x100078f2        0x2 
 .rodata.__func__.4
                0x100078f4        0xd CMakeFiles/KiMusic.dir/C_/Users/olive/.pico-sdk/sdk/2.3.0/src/rp2_common/hardware_irq/irq.c.obj
 *fill*         0x10007901        0x3 
 .rodata.__func__.5
                0x10007904       0x17 CMakeFiles/KiMusic.dir/C_/Users/olive/.pico-sdk/sdk/2.3.0/src/rp2_common/hardware_irq/irq.c.obj
 *fill*         0x1000791b        0x1 
 .rodata.__func__.6
                0x1000791c       0x1a CMakeFiles/KiMusic.dir/C_/Users/olive/.pico-sdk/sdk/2.3.0/src/rp2_common/hardware_irq/irq.c.obj
 .rodata.runtime_init_mutex.str1.4
                0x10007936        0x0 CMakeFiles/KiMusic.dir/C_/Users/olive/.pico-sdk/sdk/2.3.0/src/common/pico_sync/mutex.c.obj
                                 0x60 (size before relaxing)
 .rodata.str1.4
                0x10007936        0x0 CMakeFiles/KiMusic.dir/C_/Users/olive/.pico-sdk/sdk/2.3.0/src/common/pico_sync/mutex.c.obj
                                 0x51 (size before relaxing)
 *fill*         0x10007936        0x2 
 .rodata.__func__.1
                0x10007938        0xb CMakeFiles/KiMusic.dir/C_/Users/olive/.pico-sdk/sdk/2.3.0/src/common/pico_sync/mutex.c.obj
 *fill*         0x10007943        0x1 
 .rodata.__func__.3
                0x10007944       0x18 CMakeFiles/KiMusic.dir/C_/Users/olive/.pico-sdk/sdk/2.3.0/src/common/pico_sync/mutex.c.obj
 .rodata.__func__.6
                0x1000795c       0x13 CMakeFiles/KiMusic.dir/C_/Users/olive/.pico-sdk/sdk/2.3.0/src/common/pico_sync/mutex.c.obj
 .rodata.alarm_pool_irq_handler.str1.4
                0x1000796f        0x0 CMakeFiles/KiMusic.dir/C_/Users/olive/.pico-sdk/sdk/2.3.0/src/common/pico_time/time.c.obj
                                 0x6b (size before relaxing)
 .rodata.alarm_pool_get_default.str1.4
                0x1000796f        0x0 CMakeFiles/KiMusic.dir/C_/Users/olive/.pico-sdk/sdk/2.3.0/src/common/pico_time/time.c.obj
                                 0x21 (size before relaxing)
 .rodata.sleep_until.str1.4
                0x1000796f        0x0 CMakeFiles/KiMusic.dir/C_/Users/olive/.pico-sdk/sdk/2.3.0/src/common/pico_time/time.c.obj
                                 0x4d (size before relaxing)
 *fill*         0x1000796f        0x1 
 .rodata.__func__.2
                0x10007970       0x17 CMakeFiles/KiMusic.dir/C_/Users/olive/.pico-sdk/sdk/2.3.0/src/common/pico_time/time.c.obj
 *fill*         0x10007987        0x1 
 .rodata.__func__.3
                0x10007988       0x17 CMakeFiles/KiMusic.dir/C_/Users/olive/.pico-sdk/sdk/2.3.0/src/common/pico_time/time.c.obj
 .rodata.timer_hardware_alarm_claim.str1.4
                0x1000799f        0x0 CMakeFiles/KiMusic.dir/C_/Users/olive/.pico-sdk/sdk/2.3.0/src/rp2_common/hardware_timer/timer.c.obj
                                 0x22 (size before relaxing)
 .rodata.pll_init.str1.4
                0x1000799f        0x0 CMakeFiles/KiMusic.dir/C_/Users/olive/.pico-sdk/sdk/2.3.0/src/rp2_common/hardware_pll/pll.c.obj
                                0x11c (size before relaxing)
 *fill*         0x1000799f        0x1 
 .rodata.__func__.0
                0x100079a0        0x9 CMakeFiles/KiMusic.dir/C_/Users/olive/.pico-sdk/sdk/2.3.0/src/rp2_common/hardware_pll/pll.c.obj
 .rodata.__aeabi_double_init.str1.4
                0x100079a9        0x0 CMakeFiles/KiMusic.dir/C_/Users/olive/.pico-sdk/sdk/2.3.0/src/rp2_common/pico_double/double_init_rom_rp2040.c.obj
                                 0x9b (size before relaxing)
 *fill*         0x100079a9        0x3 
 .rodata.__func__.0
                0x100079ac       0x14 CMakeFiles/KiMusic.dir/C_/Users/olive/.pico-sdk/sdk/2.3.0/src/rp2_common/pico_double/double_init_rom_rp2040.c.obj
 .rodata.__aeabi_float_init.str1.4
                0x100079c0        0x0 CMakeFiles/KiMusic.dir/C_/Users/olive/.pico-sdk/sdk/2.3.0/src/rp2_common/pico_float/float_init_rom_rp2040.c.obj
                                 0x8d (size before relaxing)
 .rodata.__func__.0
                0x100079c0       0x13 CMakeFiles/KiMusic.dir/C_/Users/olive/.pico-sdk/sdk/2.3.0/src/rp2_common/pico_float/float_init_rom_rp2040.c.obj
 .rodata.str1.4
                0x100079d3        0x0 CMakeFiles/KiMusic.dir/C_/Users/olive/.pico-sdk/sdk/2.3.0/src/rp2_common/pico_standard_binary_info/standard_binary_info.c.obj
                                 0x40 (size before relaxing)
 *fill*         0x100079d3        0x1 
 .rodata.__bi_84
                0x100079d4        0xc CMakeFiles/KiMusic.dir/C_/Users/olive/.pico-sdk/sdk/2.3.0/src/rp2_common/pico_standard_binary_info/standard_binary_info.c.obj
 .rodata.__bi_78
                0x100079e0        0xc CMakeFiles/KiMusic.dir/C_/Users/olive/.pico-sdk/sdk/2.3.0/src/rp2_common/pico_standard_binary_info/standard_binary_info.c.obj
 .rodata.__bi_60
                0x100079ec        0xc CMakeFiles/KiMusic.dir/C_/Users/olive/.pico-sdk/sdk/2.3.0/src/rp2_common/pico_standard_binary_info/standard_binary_info.c.obj
 .rodata.__bi_54
                0x100079f8        0xc CMakeFiles/KiMusic.dir/C_/Users/olive/.pico-sdk/sdk/2.3.0/src/rp2_common/pico_standard_binary_info/standard_binary_info.c.obj
 .rodata.__bi_48
                0x10007a04        0xc CMakeFiles/KiMusic.dir/C_/Users/olive/.pico-sdk/sdk/2.3.0/src/rp2_common/pico_standard_binary_info/standard_binary_info.c.obj
 .rodata.__bi_42
                0x10007a10        0xc CMakeFiles/KiMusic.dir/C_/Users/olive/.pico-sdk/sdk/2.3.0/src/rp2_common/pico_standard_binary_info/standard_binary_info.c.obj
 .rodata.__bi_34
                0x10007a1c        0xc CMakeFiles/KiMusic.dir/C_/Users/olive/.pico-sdk/sdk/2.3.0/src/rp2_common/pico_standard_binary_info/standard_binary_info.c.obj
 .rodata.__bi_26
                0x10007a28        0xc CMakeFiles/KiMusic.dir/C_/Users/olive/.pico-sdk/sdk/2.3.0/src/rp2_common/pico_standard_binary_info/standard_binary_info.c.obj
 .rodata._ftoa.str1.4
                0x10007a34        0x0 CMakeFiles/KiMusic.dir/C_/Users/olive/.pico-sdk/sdk/2.3.0/src/rp2_common/pico_printf/printf.c.obj
                                 0x15 (size before relaxing)
 *fill*         0x10007a34        0x4 
 .rodata.pow10.0
                0x10007a38       0x50 CMakeFiles/KiMusic.dir/C_/Users/olive/.pico-sdk/sdk/2.3.0/src/rp2_common/pico_printf/printf.c.obj
 .rodata.__assert_func.str1.4
                0x10007a88        0x0 CMakeFiles/KiMusic.dir/C_/Users/olive/.pico-sdk/sdk/2.3.0/src/rp2_common/pico_clib_interface/newlib_interface.c.obj
                                 0x43 (size before relaxing)
 .rodata.crlf_str.0
                0x10007a88        0x2 CMakeFiles/KiMusic.dir/C_/Users/olive/.pico-sdk/sdk/2.3.0/src/rp2_common/pico_stdio/stdio.c.obj
 .rodata.stdio_usb_init.str1.4
                0x10007a8a        0x0 CMakeFiles/KiMusic.dir/C_/Users/olive/.pico-sdk/sdk/2.3.0/src/rp2_common/pico_stdio_usb/stdio_usb.c.obj
                                 0x55 (size before relaxing)
 .rodata.str1.4
                0x10007a8a        0x0 CMakeFiles/KiMusic.dir/C_/Users/olive/.pico-sdk/sdk/2.3.0/src/rp2_common/pico_stdio_usb/stdio_usb.c.obj
                                 0x13 (size before relaxing)
 *fill*         0x10007a8a        0x2 
 .rodata.__bi_204.1
                0x10007a8c        0xc CMakeFiles/KiMusic.dir/C_/Users/olive/.pico-sdk/sdk/2.3.0/src/rp2_common/pico_stdio_usb/stdio_usb.c.obj
 .rodata.__func__.2
                0x10007a98        0xf CMakeFiles/KiMusic.dir/C_/Users/olive/.pico-sdk/sdk/2.3.0/src/rp2_common/pico_stdio_usb/stdio_usb.c.obj
 .rodata.str1.4
                0x10007aa7        0x0 CMakeFiles/KiMusic.dir/C_/Users/olive/.pico-sdk/sdk/2.3.0/src/rp2_common/pico_stdio_usb/stdio_usb_descriptors.c.obj
                                 0x2a (size before relaxing)
 *fill*         0x10007aa7        0x1 
 .rodata.usbd_desc_str
                0x10007aa8       0x18 CMakeFiles/KiMusic.dir/C_/Users/olive/.pico-sdk/sdk/2.3.0/src/rp2_common/pico_stdio_usb/stdio_usb_descriptors.c.obj
 .rodata.usbd_desc_cfg
                0x10007ac0       0x54 CMakeFiles/KiMusic.dir/C_/Users/olive/.pico-sdk/sdk/2.3.0/src/rp2_common/pico_stdio_usb/stdio_usb_descriptors.c.obj
 .rodata.usbd_desc_device